2025-09-26 17:10:10,646 ; PT3S                                                         ; DEBUG   ; PT3S.dxAndMxHelperFcts.readDxAndMx: Start.
2025-09-26 17:10:10,648 ; PT3S                                                         ; DEBUG   ; PT3S.dxAndMxHelperFcts.readDxAndMx:  tDb: 2025-09-26 17:09:43 tPkl: 2025-05-16 09:05:46
2025-09-26 17:10:10,649 ; PT3S                                                         ; DEBUG   ; Dx.__init__: Start.#########
2025-09-26 17:10:10,649 ; PT3S                                                         ; INFO    ; Dx.__init__: dbFile (abspath): c:\users\aUserName\3s\pt3s\PT3S\Examples\Example8.db3 exists readable ...
2025-09-26 17:10:10,679 ; PT3S                                                         ; DEBUG   ; Dx.__init__: tableNames: ['AB_DEF', 'AGSN', 'ALLG', 'ALLG_BZ', 'ANTP', 'ANTP_ROWS', 'ARRW', 'ATMO', 'AVOS', 'AVOS_ROWS', 'BENUTZER', 'BEVE', 'BEVE_BZ', 'BEWI', 'BEWI_BZ', 'BREF', 'BZAG', 'BZAG_BZ', 'CIRC', 'CONT', 'CRGL', 'DATENEBENE', 'DPGR', 'DPGR_BZ', 'DPGR_DPKT', 'DPKT', 'DPKT_BZ', 'DPRG', 'DPRG_BZ', 'DRNP', 'DTRO', 'DTRO_ROWD', 'EBES', 'EBES_BZ', 'ELEMENTQUERY', 'ETAM', 'ETAM_ROWS', 'ETAR', 'ETAR_ROWS', 'ETAU', 'ETAU_ROWS', 'FKNL', 'FKNL_BZ', 'FQPS', 'FQPS_BZ', 'FSTF', 'FWBZ', 'FWEA', 'FWEA_BZ', 'FWES', 'FWES_BZ', 'FWVB', 'FWVB_BZ', 'FWWU', 'FWWU_BZ', 'GEOMETRY_COLUMNS', 'GKMP', 'GMIX', 'GRAV', 'GTXT', 'GVWK', 'GVWK_BZ', 'HAUS', 'HYDR', 'HYDR_BZ', 'KLAP', 'KLAP_BZ', 'KNOT', 'KNOT_BZ', 'KOMK', 'KOMK_ROWS', 'KOMP', 'KOMP_BZ', 'LAYR', 'LFAL', 'LFAL_BZ', 'LFKT', 'LFKT_ROWT', 'LTGR', 'MAPG', 'MAPG_ROWS', 'MODELL', 'MREG', 'MREG_BZ', 'NRCV', 'NSCH', 'NSCH_BZ', 'OBEH', 'OBEH_BZ', 'OVAL', 'PARI', 'PARI_BZ', 'PARV', 'PARZ', 'PARZ_BZ', 'PGPR', 'PGRP', 'PGRP_BZ', 'PGRP_PUMP', 'PGRP_PUMP_BZ', 'PHI1', 'PHI1_ROWT', 'PHI2', 'PHI2_ROWS', 'PHIV', 'PHIV_ROWS', 'PHTR', 'PHTR_BZ', 'PLYG', 'POLY', 'PREG', 'PREG_BZ', 'PROZESSE', 'PUMD', 'PUMD_ROWT', 'PUMK', 'PUMK_ROWS', 'PUMP', 'PUMP_BZ', 'PVAR', 'PVAR_ROWT', 'PZON', 'PZVR', 'PZVR_BZ', 'QVAR', 'QVAR_ROWT', 'RADD', 'RADD_BZ', 'RART', 'RART_BZ', 'RCON', 'RCPL', 'RCPL_ROWT', 'RDIV', 'RDIV_BZ', 'RECT', 'REGP', 'REGV', 'REGV_BZ', 'RFKT', 'RFKT_BZ', 'RHYS', 'RHYS_BZ', 'RINT', 'RINT_BZ', 'RLSR', 'RLSR_BZ', 'RLVG', 'RLVG_BZ', 'RMES', 'RMES_BZ', 'RMES_DPTS', 'RMES_DPTS_BZ', 'RMMA', 'RMMA_BZ', 'RMUL', 'RMUL_BZ', 'ROHR', 'ROHR_BZ', 'ROHR_VRTX', 'RPFL', 'RPID', 'RPID_BZ', 'RPLAN', 'RPLAN_ROWS', 'RPT1', 'RPT1_BZ', 'RRCT', 'RSLW', 'RSLW_BZ', 'RSTE', 'RSTE_BZ', 'RSTN', 'RSTN_BZ', 'RTOT', 'RTOT_BZ', 'RUES', 'RUES_BZ', 'SIRGRAF', 'SIVE', 'SIVE_BZ', 'SOKO', 'SPLZ', 'SRAT', 'SRAT_ROWS', 'STOF', 'STOF_ROWS', 'STRASSE', 'STRO', 'STRO_BZ', 'SWVT', 'SWVT_ROWT', 'SYSTEMKONFIG', 'TEVT', 'TEVT_ROWT', 'TFKT', 'TFKT_ROWS', 'TIMD', 'TRFT', 'TRFT_ROWS', 'TRVA', 'UTMP', 'VARA', 'VARA_ROWS', 'VENT', 'VENT_BZ', 'VERB', 'VKNO', 'VRCT', 'WBLZ', 'WEVT', 'WEVT_ROWT', 'WIND', 'WIND_BZ', 'WTTR', 'WTTR_ROWT', 'ZEP1', 'ZEP1_ROWS', 'ZEP2', 'ZEP2_ROWS', 'ARRW_BZ', 'CIRC_BZ', 'CONT_BZ', 'GTXT_BZ', 'HAUS_BZ', 'HIDDEN_ACTIVITIES', 'NRCV_BZ', 'OVAL_BZ', 'PLYG_BZ', 'POLY_BZ', 'RECT_BZ', 'RPFL_BZ', 'RRCT_BZ', 'USCH', 'UTMP_BZ', 'VERB_BZ']
2025-09-26 17:10:10,680 ; PT3S                                                         ; DEBUG   ; Dx.__init__: viewNames: ['VARRW', 'VBEVE', 'VBEWI', 'VCIRC', 'VCONT', 'VDPRG', 'VFWEA', 'VFWES', 'VFWVB', 'VFWWU', 'VGTXT', 'VGVWK', 'VHAUS', 'VHYDR', 'VKLAP', 'VKNOT', 'VKOMP', 'VMREG', 'VNRCV', 'VNSCH', 'VOBEH', 'VOVAL', 'VPHTR', 'VPLYG', 'VPOLY', 'VPREG', 'VPUMP', 'VRECT', 'VREGV', 'VROHR', 'VRPFL', 'VRRCT', 'VSIVE', 'VVENT', 'VVERB', 'VWIND', 'VSTRO', 'VIEW_MODELLE']
2025-09-26 17:10:10,687 ; PT3S                                                         ; DEBUG   ; Dx.__init__: pair-tables: pairType: _BZ:
2025-09-26 17:10:10,703 ; PT3S                                                         ; DEBUG   ; Dx.__init__: BV: ALLG         BVZ: ALLG_BZ      V: V_BVZ_ALLG      constructed with        1 rows and  44 cols.
2025-09-26 17:10:10,737 ; PT3S                                                         ; DEBUG   ; Dx.__init__: BV: BEVE         BVZ: BEVE_BZ      V: V_BVZ_BEVE      constructed with        1 rows and  80 cols.
2025-09-26 17:10:10,762 ; PT3S                                                         ; DEBUG   ; Dx.__init__: BV: BEWI         BVZ: BEWI_BZ      V: V_BVZ_BEWI      constructed with        1 rows and  79 cols.
2025-09-26 17:10:10,769 ; PT3S                                                         ; DEBUG   ; Dx.__init__: BV: BZAG         BVZ: BZAG_BZ      V: V_BVZ_BZAG      constructed with        1 rows and  26 cols.
2025-09-26 17:10:10,776 ; PT3S                                                         ; DEBUG   ; Dx.__init__: BV: DPGR         BVZ: DPGR_BZ      V: V_BVZ_DPGR      constructed with       14 rows and  32 cols.
2025-09-26 17:10:10,799 ; PT3S                                                         ; DEBUG   ; Dx.__init__: BV: DPKT         BVZ: DPKT_BZ      V: V_BVZ_DPKT      constructed with      339 rows and  49 cols.
2025-09-26 17:10:10,815 ; PT3S                                                         ; DEBUG   ; Dx.__init__: BV: DPRG         BVZ: DPRG_BZ      V: V_BVZ_DPRG      constructed with        1 rows and  76 cols.
2025-09-26 17:10:10,828 ; PT3S                                                         ; DEBUG   ; Dx.__init__: BV: EBES         BVZ: EBES_BZ      V: V_BVZ_EBES      constructed with        1 rows and  43 cols.
2025-09-26 17:10:10,851 ; PT3S                                                         ; DEBUG   ; Dx.__init__: BV: FKNL         BVZ: FKNL_BZ      V: V_BVZ_FKNL      constructed with        1 rows and  70 cols.
2025-09-26 17:10:10,864 ; PT3S                                                         ; DEBUG   ; Dx.__init__: BV: FQPS         BVZ: FQPS_BZ      V: V_BVZ_FQPS      constructed with        1 rows and  71 cols.
2025-09-26 17:10:10,904 ; PT3S                                                         ; DEBUG   ; Dx.__init__: BV: FWEA         BVZ: FWEA_BZ      V: V_BVZ_FWEA      constructed with        1 rows and 162 cols.
2025-09-26 17:10:10,926 ; PT3S                                                         ; DEBUG   ; Dx.__init__: BV: FWES         BVZ: FWES_BZ      V: V_BVZ_FWES      constructed with        1 rows and  77 cols.
2025-09-26 17:10:10,958 ; PT3S                                                         ; DEBUG   ; Dx.__init__: BV: FWVB         BVZ: FWVB_BZ      V: V_BVZ_FWVB      constructed with        1 rows and  87 cols.
2025-09-26 17:10:10,976 ; PT3S                                                         ; DEBUG   ; Dx.__init__: BV: FWWU         BVZ: FWWU_BZ      V: V_BVZ_FWWU      constructed with        1 rows and  97 cols.
2025-09-26 17:10:10,995 ; PT3S                                                         ; DEBUG   ; Dx.__init__: BV: GVWK         BVZ: GVWK_BZ      V: V_BVZ_GVWK      constructed with        1 rows and  71 cols.
2025-09-26 17:10:11,016 ; PT3S                                                         ; DEBUG   ; Dx.__init__: BV: HYDR         BVZ: HYDR_BZ      V: V_BVZ_HYDR      constructed with        1 rows and  61 cols.
2025-09-26 17:10:11,037 ; PT3S                                                         ; DEBUG   ; Dx.__init__: BV: KLAP         BVZ: KLAP_BZ      V: V_BVZ_KLAP      constructed with        1 rows and  73 cols.
2025-09-26 17:10:11,064 ; PT3S                                                         ; DEBUG   ; Dx.__init__: BV: KNOT         BVZ: KNOT_BZ      V: V_BVZ_KNOT      constructed with        5 rows and  67 cols.
2025-09-26 17:10:11,087 ; PT3S                                                         ; DEBUG   ; Dx.__init__: BV: KOMP         BVZ: KOMP_BZ      V: V_BVZ_KOMP      constructed with        1 rows and  84 cols.
2025-09-26 17:10:11,096 ; PT3S                                                         ; DEBUG   ; Dx.__init__: BV: LFAL         BVZ: LFAL_BZ      V: V_BVZ_LFAL      constructed with        1 rows and  25 cols.
2025-09-26 17:10:11,120 ; PT3S                                                         ; DEBUG   ; Dx.__init__: BV: MREG         BVZ: MREG_BZ      V: V_BVZ_MREG      constructed with        1 rows and  77 cols.
2025-09-26 17:10:11,127 ; PT3S                                                         ; DEBUG   ; Dx.__init__: BV: NSCH         BVZ: NSCH_BZ      V: V_BVZ_NSCH      constructed with        1 rows and  50 cols.
2025-09-26 17:10:11,157 ; PT3S                                                         ; DEBUG   ; Dx.__init__: BV: OBEH         BVZ: OBEH_BZ      V: V_BVZ_OBEH      constructed with        1 rows and  79 cols.
2025-09-26 17:10:11,165 ; PT3S                                                         ; DEBUG   ; Dx.__init__: BV: PARI         BVZ: PARI_BZ      V: V_BVZ_PARI      constructed with        1 rows and  31 cols.
2025-09-26 17:10:11,172 ; PT3S                                                         ; DEBUG   ; Dx.__init__: BV: PARZ         BVZ: PARZ_BZ      V: V_BVZ_PARZ      constructed with        1 rows and  28 cols.
2025-09-26 17:10:11,191 ; PT3S                                                         ; DEBUG   ; Dx.__init__: BV: PGRP         BVZ: PGRP_BZ      V: V_BVZ_PGRP      constructed with        1 rows and  76 cols.
2025-09-26 17:10:11,201 ; PT3S                                                         ; DEBUG   ; Dx.__init__: BV: PGRP_PUMP    BVZ: PGRP_PUMP_BZ V: V_BVZ_PGRP_PUMP constructed with        0 rows and  39 cols.
2025-09-26 17:10:11,219 ; PT3S                                                         ; DEBUG   ; Dx.__init__: BV: PHTR         BVZ: PHTR_BZ      V: V_BVZ_PHTR      constructed with        1 rows and  69 cols.
2025-09-26 17:10:11,231 ; PT3S                                                         ; DEBUG   ; Dx.__init__: BV: PREG         BVZ: PREG_BZ      V: V_BVZ_PREG      constructed with        1 rows and  75 cols.
2025-09-26 17:10:11,265 ; PT3S                                                         ; DEBUG   ; Dx.__init__: BV: PUMP         BVZ: PUMP_BZ      V: V_BVZ_PUMP      constructed with        1 rows and 159 cols.
2025-09-26 17:10:11,265 ; PT3S                                                         ; DEBUG   ; Dx.__init__: BV: PZVR         BVZ: PZVR_BZ      V: V_BVZ_PZVR      constructed with        1 rows and  30 cols.
2025-09-26 17:10:11,277 ; PT3S                                                         ; DEBUG   ; Dx.__init__: BV: RADD         BVZ: RADD_BZ      V: V_BVZ_RADD      constructed with        1 rows and  56 cols.
2025-09-26 17:10:11,297 ; PT3S                                                         ; DEBUG   ; Dx.__init__: BV: RART         BVZ: RART_BZ      V: V_BVZ_RART      constructed with        1 rows and  48 cols.
2025-09-26 17:10:11,311 ; PT3S                                                         ; DEBUG   ; Dx.__init__: BV: RDIV         BVZ: RDIV_BZ      V: V_BVZ_RDIV      constructed with        1 rows and  57 cols.
2025-09-26 17:10:11,328 ; PT3S                                                         ; DEBUG   ; Dx.__init__: BV: REGV         BVZ: REGV_BZ      V: V_BVZ_REGV      constructed with        1 rows and  72 cols.
2025-09-26 17:10:11,345 ; PT3S                                                         ; DEBUG   ; Dx.__init__: BV: RFKT         BVZ: RFKT_BZ      V: V_BVZ_RFKT      constructed with        1 rows and  58 cols.
2025-09-26 17:10:11,366 ; PT3S                                                         ; DEBUG   ; Dx.__init__: BV: RHYS         BVZ: RHYS_BZ      V: V_BVZ_RHYS      constructed with        1 rows and  59 cols.
2025-09-26 17:10:11,378 ; PT3S                                                         ; DEBUG   ; Dx.__init__: BV: RINT         BVZ: RINT_BZ      V: V_BVZ_RINT      constructed with        1 rows and  57 cols.
2025-09-26 17:10:11,405 ; PT3S                                                         ; DEBUG   ; Dx.__init__: BV: RLSR         BVZ: RLSR_BZ      V: V_BVZ_RLSR      constructed with        1 rows and  55 cols.
2025-09-26 17:10:11,414 ; PT3S                                                         ; DEBUG   ; Dx.__init__: BV: RLVG         BVZ: RLVG_BZ      V: V_BVZ_RLVG      constructed with        1 rows and  56 cols.
2025-09-26 17:10:11,428 ; PT3S                                                         ; DEBUG   ; Dx.__init__: BV: RMES         BVZ: RMES_BZ      V: V_BVZ_RMES      constructed with        1 rows and  66 cols.
2025-09-26 17:10:11,442 ; PT3S                                                         ; DEBUG   ; Dx.__init__: BV: RMES_DPTS    BVZ: RMES_DPTS_BZ V: V_BVZ_RMES_DPTS constructed with        0 rows and  42 cols.
2025-09-26 17:10:11,461 ; PT3S                                                         ; DEBUG   ; Dx.__init__: BV: RMMA         BVZ: RMMA_BZ      V: V_BVZ_RMMA      constructed with        1 rows and  56 cols.
2025-09-26 17:10:11,481 ; PT3S                                                         ; DEBUG   ; Dx.__init__: BV: RMUL         BVZ: RMUL_BZ      V: V_BVZ_RMUL      constructed with        1 rows and  57 cols.
2025-09-26 17:10:11,512 ; PT3S                                                         ; DEBUG   ; Dx.__init__: BV: ROHR         BVZ: ROHR_BZ      V: V_BVZ_ROHR      constructed with        4 rows and  77 cols.
2025-09-26 17:10:11,530 ; PT3S                                                         ; DEBUG   ; Dx.__init__: BV: RPID         BVZ: RPID_BZ      V: V_BVZ_RPID      constructed with        1 rows and  64 cols.
2025-09-26 17:10:11,545 ; PT3S                                                         ; DEBUG   ; Dx.__init__: BV: RPT1         BVZ: RPT1_BZ      V: V_BVZ_RPT1      constructed with        1 rows and  57 cols.
2025-09-26 17:10:11,559 ; PT3S                                                         ; DEBUG   ; Dx.__init__: BV: RSLW         BVZ: RSLW_BZ      V: V_BVZ_RSLW      constructed with        1 rows and  64 cols.
2025-09-26 17:10:11,583 ; PT3S                                                         ; DEBUG   ; Dx.__init__: BV: RSTE         BVZ: RSTE_BZ      V: V_BVZ_RSTE      constructed with        1 rows and 105 cols.
2025-09-26 17:10:11,605 ; PT3S                                                         ; DEBUG   ; Dx.__init__: BV: RSTN         BVZ: RSTN_BZ      V: V_BVZ_RSTN      constructed with        1 rows and  92 cols.
2025-09-26 17:10:11,609 ; PT3S                                                         ; DEBUG   ; Dx.__init__: BV: RTOT         BVZ: RTOT_BZ      V: V_BVZ_RTOT      constructed with        1 rows and  56 cols.
2025-09-26 17:10:11,633 ; PT3S                                                         ; DEBUG   ; Dx.__init__: BV: RUES         BVZ: RUES_BZ      V: V_BVZ_RUES      constructed with        1 rows and  57 cols.
2025-09-26 17:10:11,659 ; PT3S                                                         ; DEBUG   ; Dx.__init__: BV: SIVE         BVZ: SIVE_BZ      V: V_BVZ_SIVE      constructed with        1 rows and  74 cols.
2025-09-26 17:10:11,676 ; PT3S                                                         ; DEBUG   ; Dx.__init__: BV: STRO         BVZ: STRO_BZ      V: V_BVZ_STRO      constructed with        1 rows and  76 cols.
2025-09-26 17:10:11,699 ; PT3S                                                         ; DEBUG   ; Dx.__init__: BV: VENT         BVZ: VENT_BZ      V: V_BVZ_VENT      constructed with        1 rows and  86 cols.
2025-09-26 17:10:11,709 ; PT3S                                                         ; DEBUG   ; Dx.__init__: BV: WIND         BVZ: WIND_BZ      V: V_BVZ_WIND      constructed with        1 rows and  80 cols.
2025-09-26 17:10:11,728 ; PT3S                                                         ; DEBUG   ; Dx.__init__: BV: ARRW         BVZ: ARRW_BZ      V: V_BVZ_ARRW      constructed with        1 rows and  59 cols.
2025-09-26 17:10:11,745 ; PT3S                                                         ; DEBUG   ; Dx.__init__: BV: CIRC         BVZ: CIRC_BZ      V: V_BVZ_CIRC      constructed with        1 rows and  59 cols.
2025-09-26 17:10:11,761 ; PT3S                                                         ; DEBUG   ; Dx.__init__: BV: CONT         BVZ: CONT_BZ      V: V_BVZ_CONT      constructed with        1 rows and  34 cols.
2025-09-26 17:10:11,778 ; PT3S                                                         ; DEBUG   ; Dx.__init__: BV: GTXT         BVZ: GTXT_BZ      V: V_BVZ_GTXT      constructed with        1 rows and  61 cols.
2025-09-26 17:10:11,792 ; PT3S                                                         ; DEBUG   ; Dx.__init__: BV: HAUS         BVZ: HAUS_BZ      V: V_BVZ_HAUS      constructed with        1 rows and  47 cols.
2025-09-26 17:10:11,877 ; PT3S                                                         ; DEBUG   ; Dx.__init__: BV: NRCV         BVZ: NRCV_BZ      V: V_BVZ_NRCV      constructed with       13 rows and  60 cols.
2025-09-26 17:10:11,905 ; PT3S                                                         ; DEBUG   ; Dx.__init__: BV: OVAL         BVZ: OVAL_BZ      V: V_BVZ_OVAL      constructed with        1 rows and  59 cols.
2025-09-26 17:10:11,911 ; PT3S                                                         ; DEBUG   ; Dx.__init__: BV: PLYG         BVZ: PLYG_BZ      V: V_BVZ_PLYG      constructed with        1 rows and  59 cols.
2025-09-26 17:10:11,942 ; PT3S                                                         ; DEBUG   ; Dx.__init__: BV: POLY         BVZ: POLY_BZ      V: V_BVZ_POLY      constructed with        1 rows and  59 cols.
2025-09-26 17:10:11,959 ; PT3S                                                         ; DEBUG   ; Dx.__init__: BV: RECT         BVZ: RECT_BZ      V: V_BVZ_RECT      constructed with        1 rows and  59 cols.
2025-09-26 17:10:11,976 ; PT3S                                                         ; DEBUG   ; Dx.__init__: BV: RPFL         BVZ: RPFL_BZ      V: V_BVZ_RPFL      constructed with        1 rows and  61 cols.
2025-09-26 17:10:11,993 ; PT3S                                                         ; DEBUG   ; Dx.__init__: BV: RRCT         BVZ: RRCT_BZ      V: V_BVZ_RRCT      constructed with        1 rows and  59 cols.
2025-09-26 17:10:11,996 ; PT3S                                                         ; DEBUG   ; Dx.__init__: BV: UTMP         BVZ: UTMP_BZ      V: V_BVZ_UTMP      constructed with        1 rows and  28 cols.
2025-09-26 17:10:12,015 ; PT3S                                                         ; DEBUG   ; Dx.__init__: BV: VERB         BVZ: VERB_BZ      V: V_BVZ_VERB      constructed with        1 rows and  65 cols.
2025-09-26 17:10:12,015 ; PT3S                                                         ; DEBUG   ; Dx.__init__: pair-tables: pairType: _ROWS:
2025-09-26 17:10:12,027 ; PT3S                                                         ; DEBUG   ; Dx.__init__: BV: ANTP         BVZ: ANTP_ROWS    V: V_BVZ_ANTP      constructed with        1 rows and  43 cols.
2025-09-26 17:10:12,027 ; PT3S                                                         ; DEBUG   ; Dx.__init__: BV: AVOS         BVZ: AVOS_ROWS    V: V_BVZ_AVOS      constructed with        3 rows and  43 cols.
2025-09-26 17:10:12,044 ; PT3S                                                         ; DEBUG   ; Dx.__init__: BV: ETAM         BVZ: ETAM_ROWS    V: V_BVZ_ETAM      constructed with        7 rows and  43 cols.
2025-09-26 17:10:12,059 ; PT3S                                                         ; DEBUG   ; Dx.__init__: BV: ETAR         BVZ: ETAR_ROWS    V: V_BVZ_ETAR      constructed with        7 rows and  43 cols.
2025-09-26 17:10:12,076 ; PT3S                                                         ; DEBUG   ; Dx.__init__: BV: ETAU         BVZ: ETAU_ROWS    V: V_BVZ_ETAU      constructed with        7 rows and  43 cols.
2025-09-26 17:10:12,093 ; PT3S                                                         ; DEBUG   ; Dx.__init__: BV: KOMK         BVZ: KOMK_ROWS    V: V_BVZ_KOMK      constructed with        1 rows and  53 cols.
2025-09-26 17:10:12,109 ; PT3S                                                         ; DEBUG   ; Dx.__init__: BV: MAPG         BVZ: MAPG_ROWS    V: V_BVZ_MAPG      constructed with        1 rows and  61 cols.
2025-09-26 17:10:12,120 ; PT3S                                                         ; DEBUG   ; Dx.__init__: BV: PHI2         BVZ: PHI2_ROWS    V: V_BVZ_PHI2      constructed with        4 rows and  44 cols.
2025-09-26 17:10:12,127 ; PT3S                                                         ; DEBUG   ; Dx.__init__: BV: PHIV         BVZ: PHIV_ROWS    V: V_BVZ_PHIV      constructed with        9 rows and  43 cols.
2025-09-26 17:10:12,147 ; PT3S                                                         ; DEBUG   ; Dx.__init__: BV: PUMK         BVZ: PUMK_ROWS    V: V_BVZ_PUMK      constructed with        8 rows and  49 cols.
2025-09-26 17:10:12,161 ; PT3S                                                         ; DEBUG   ; Dx.__init__: BV: RPLAN        BVZ: RPLAN_ROWS   V: V_BVZ_RPLAN     constructed with        1 rows and  54 cols.
2025-09-26 17:10:12,176 ; PT3S                                                         ; DEBUG   ; Dx.__init__: BV: SRAT         BVZ: SRAT_ROWS    V: V_BVZ_SRAT      constructed with        1 rows and  44 cols.
2025-09-26 17:10:12,191 ; PT3S                                                         ; DEBUG   ; Dx.__init__: BV: STOF         BVZ: STOF_ROWS    V: V_BVZ_STOF      constructed with      201 rows and  47 cols.
2025-09-26 17:10:12,196 ; PT3S                                                         ; DEBUG   ; Dx.__init__: BV: TFKT         BVZ: TFKT_ROWS    V: V_BVZ_TFKT      constructed with        1 rows and  43 cols.
2025-09-26 17:10:12,211 ; PT3S                                                         ; DEBUG   ; Dx.__init__: BV: TRFT         BVZ: TRFT_ROWS    V: V_BVZ_TRFT      constructed with        2 rows and  43 cols.
2025-09-26 17:10:12,234 ; PT3S                                                         ; DEBUG   ; Dx.__init__: BV: VARA         BVZ: VARA_ROWS    V: V_BVZ_VARA      constructed with        1 rows and  63 cols.
2025-09-26 17:10:12,244 ; PT3S                                                         ; DEBUG   ; Dx.__init__: BV: ZEP1         BVZ: ZEP1_ROWS    V: V_BVZ_ZEP1      constructed with       21 rows and  46 cols.
2025-09-26 17:10:12,260 ; PT3S                                                         ; DEBUG   ; Dx.__init__: BV: ZEP2         BVZ: ZEP2_ROWS    V: V_BVZ_ZEP2      constructed with       42 rows and  48 cols.
2025-09-26 17:10:12,260 ; PT3S                                                         ; DEBUG   ; Dx.__init__: pair-tables: pairType: _ROWT:
2025-09-26 17:10:12,273 ; PT3S                                                         ; DEBUG   ; Dx.__init__: BV: LFKT         BVZ: LFKT_ROWT    V: V_BVZ_LFKT      constructed with        1 rows and  39 cols.
2025-09-26 17:10:12,284 ; PT3S                                                         ; DEBUG   ; Dx.__init__: BV: PHI1         BVZ: PHI1_ROWT    V: V_BVZ_PHI1      constructed with        2 rows and  39 cols.
2025-09-26 17:10:12,294 ; PT3S                                                         ; DEBUG   ; Dx.__init__: BV: PUMD         BVZ: PUMD_ROWT    V: V_BVZ_PUMD      constructed with        2 rows and  39 cols.
2025-09-26 17:10:12,307 ; PT3S                                                         ; DEBUG   ; Dx.__init__: BV: PVAR         BVZ: PVAR_ROWT    V: V_BVZ_PVAR      constructed with        1 rows and  39 cols.
2025-09-26 17:10:12,311 ; PT3S                                                         ; DEBUG   ; Dx.__init__: BV: QVAR         BVZ: QVAR_ROWT    V: V_BVZ_QVAR      constructed with        1 rows and  39 cols.
2025-09-26 17:10:12,326 ; PT3S                                                         ; DEBUG   ; PT3S.Dx.fHelperCONTetc: pairType ROWT: df RCPL hat keine Spalte ZEIT? Keine Sortierung nach Zeit.
2025-09-26 17:10:12,326 ; PT3S                                                         ; DEBUG   ; Dx.__init__: BV: RCPL         BVZ: RCPL_ROWT    V: V_BVZ_RCPL      constructed with        0 rows and  13 cols.
2025-09-26 17:10:12,334 ; PT3S                                                         ; DEBUG   ; Dx.__init__: BV: SWVT         BVZ: SWVT_ROWT    V: V_BVZ_SWVT      constructed with        1 rows and  39 cols.
2025-09-26 17:10:12,346 ; PT3S                                                         ; DEBUG   ; Dx.__init__: BV: TEVT         BVZ: TEVT_ROWT    V: V_BVZ_TEVT      constructed with        1 rows and  39 cols.
2025-09-26 17:10:12,360 ; PT3S                                                         ; DEBUG   ; Dx.__init__: BV: WEVT         BVZ: WEVT_ROWT    V: V_BVZ_WEVT      constructed with        1 rows and  39 cols.
2025-09-26 17:10:12,360 ; PT3S                                                         ; DEBUG   ; Dx.__init__: BV: WTTR         BVZ: WTTR_ROWT    V: V_BVZ_WTTR      constructed with        0 rows and  46 cols.
2025-09-26 17:10:12,360 ; PT3S                                                         ; DEBUG   ; Dx.__init__: pair-tables: pairType: _ROWD:
2025-09-26 17:10:12,384 ; PT3S                                                         ; DEBUG   ; Dx.__init__: BV: DTRO         BVZ: DTRO_ROWD    V: V_BVZ_DTRO      constructed with       53 rows and  55 cols.
2025-09-26 17:10:12,384 ; PT3S                                                         ; DEBUG   ; Dx.__init__: tables which are not pair-tables:
2025-09-26 17:10:12,384 ; PT3S                                                         ; DEBUG   ; Dx.__init__: table: AB_DEF           V: V_AB_DEF             constructed with        1 rows and  16 cols.
2025-09-26 17:10:12,397 ; PT3S                                                         ; DEBUG   ; Dx.__init__: table: AGSN             V: V_AGSN               constructed with        1 rows and  37 cols.
2025-09-26 17:10:12,397 ; PT3S                                                         ; DEBUG   ; Dx.__init__: table: ARRW             V: V_ARRW               constructed with        1 rows and  54 cols.
2025-09-26 17:10:12,411 ; PT3S                                                         ; DEBUG   ; Dx.__init__: table: ATMO             V: V_ATMO               constructed with        2 rows and  37 cols.
2025-09-26 17:10:12,411 ; PT3S                                                         ; DEBUG   ; Dx.__init__: table: BENUTZER         V: V_BENUTZER           constructed with        0 rows and  26 cols.
2025-09-26 17:10:12,411 ; PT3S                                                         ; DEBUG   ; Dx.__init__: table: BREF             V: V_BREF               constructed with        1 rows and  53 cols.
2025-09-26 17:10:12,433 ; PT3S                                                         ; DEBUG   ; Dx.__init__: table: CIRC             V: V_CIRC               constructed with        1 rows and  54 cols.
2025-09-26 17:10:12,435 ; PT3S                                                         ; DEBUG   ; Dx.__init__: table: CONT             V: V_CONT               constructed with        2 rows and  42 cols.
2025-09-26 17:10:12,444 ; PT3S                                                         ; DEBUG   ; Dx.__init__: table: CRGL             V: V_CRGL               constructed with        1 rows and  54 cols.
2025-09-26 17:10:12,444 ; PT3S                                                         ; DEBUG   ; Dx.__init__: table: DATENEBENE       V: V_DATENEBENE         constructed with        4 rows and  11 cols.
2025-09-26 17:10:12,444 ; PT3S                                                         ; DEBUG   ; Dx.__init__: table: DPGR_DPKT        V: V_DPGR_DPKT          constructed with      355 rows and  34 cols.
2025-09-26 17:10:12,460 ; PT3S                                                         ; DEBUG   ; Dx.__init__: table: DRNP             V: V_DRNP               constructed with        2 rows and  38 cols.
2025-09-26 17:10:12,460 ; PT3S                                                         ; DEBUG   ; Dx.__init__: table: ELEMENTQUERY     V: V_ELEMENTQUERY       constructed with       51 rows and  36 cols.
2025-09-26 17:10:12,476 ; PT3S                                                         ; DEBUG   ; Dx.__init__: table: FSTF             V: V_FSTF               constructed with        2 rows and  51 cols.
2025-09-26 17:10:12,477 ; PT3S                                                         ; DEBUG   ; Dx.__init__: table: FWBZ             V: V_FWBZ               constructed with        2 rows and  40 cols.
2025-09-26 17:10:12,477 ; PT3S                                                         ; DEBUG   ; Dx.__init__: table: GEOMETRY_COLUMNS V: V_GEOMETRY_COLUMNS   constructed with       38 rows and   7 cols.
2025-09-26 17:10:12,486 ; PT3S                                                         ; DEBUG   ; Dx.__init__: table: GKMP             V: V_GKMP               constructed with        1 rows and  55 cols.
2025-09-26 17:10:12,496 ; PT3S                                                         ; DEBUG   ; Dx.__init__: table: GMIX             V: V_GMIX               constructed with        1 rows and  80 cols.
2025-09-26 17:10:12,496 ; PT3S                                                         ; DEBUG   ; Dx.__init__: table: GRAV             V: V_GRAV               constructed with        2 rows and  35 cols.
2025-09-26 17:10:12,510 ; PT3S                                                         ; DEBUG   ; Dx.__init__: table: GTXT             V: V_GTXT               constructed with        1 rows and  56 cols.
2025-09-26 17:10:12,516 ; PT3S                                                         ; DEBUG   ; Dx.__init__: table: HAUS             V: V_HAUS               constructed with        1 rows and  42 cols.
2025-09-26 17:10:12,516 ; PT3S                                                         ; DEBUG   ; Dx.__init__: table: LAYR             V: V_LAYR               constructed with        1 rows and  38 cols.
2025-09-26 17:10:12,526 ; PT3S                                                         ; DEBUG   ; Dx.__init__: table: LTGR             V: V_LTGR               constructed with        2 rows and  37 cols.
2025-09-26 17:10:12,530 ; PT3S                                                         ; DEBUG   ; Dx.__init__: table: MODELL           V: V_MODELL             constructed with        1 rows and  18 cols.
2025-09-26 17:10:12,550 ; PT3S                                                         ; DEBUG   ; Dx.__init__: table: NRCV             V: V_NRCV               constructed with       14 rows and  68 cols.
2025-09-26 17:10:12,559 ; PT3S                                                         ; DEBUG   ; Dx.__init__: table: OVAL             V: V_OVAL               constructed with        1 rows and  54 cols.
2025-09-26 17:10:12,561 ; PT3S                                                         ; DEBUG   ; Dx.__init__: table: PARV             V: V_PARV               constructed with        2 rows and  48 cols.
2025-09-26 17:10:12,561 ; PT3S                                                         ; DEBUG   ; Dx.__init__: table: PGPR             V: V_PGPR               constructed with        2 rows and  36 cols.
2025-09-26 17:10:12,578 ; PT3S                                                         ; DEBUG   ; Dx.__init__: table: PLYG             V: V_PLYG               constructed with        1 rows and  54 cols.
2025-09-26 17:10:12,585 ; PT3S                                                         ; DEBUG   ; Dx.__init__: table: POLY             V: V_POLY               constructed with        1 rows and  54 cols.
2025-09-26 17:10:12,591 ; PT3S                                                         ; DEBUG   ; Dx.__init__: table: PROZESSE         V: V_PROZESSE           constructed with        0 rows and  21 cols.
2025-09-26 17:10:12,595 ; PT3S                                                         ; DEBUG   ; Dx.__init__: table: PZON             V: V_PZON               constructed with        1 rows and  43 cols.
2025-09-26 17:10:12,595 ; PT3S                                                         ; DEBUG   ; Dx.__init__: table: RCON             V: V_RCON               constructed with        2 rows and  35 cols.
2025-09-26 17:10:12,613 ; PT3S                                                         ; DEBUG   ; Dx.__init__: table: RECT             V: V_RECT               constructed with        1 rows and  54 cols.
2025-09-26 17:10:12,613 ; PT3S                                                         ; DEBUG   ; Dx.__init__: table: REGP             V: V_REGP               constructed with        2 rows and  34 cols.
2025-09-26 17:10:12,613 ; PT3S                                                         ; DEBUG   ; Dx.__init__: table: ROHR_VRTX        V: V_ROHR_VRTX          constructed with        1 rows and  36 cols.
2025-09-26 17:10:12,627 ; PT3S                                                         ; DEBUG   ; Dx.__init__: table: RPFL             V: V_RPFL               constructed with        1 rows and  55 cols.
2025-09-26 17:10:12,635 ; PT3S                                                         ; DEBUG   ; Dx.__init__: table: RRCT             V: V_RRCT               constructed with        1 rows and  54 cols.
2025-09-26 17:10:12,645 ; PT3S                                                         ; DEBUG   ; Dx.__init__: table: SIRGRAF          V: V_SIRGRAF            constructed with        2 rows and  74 cols.
2025-09-26 17:10:12,645 ; PT3S                                                         ; DEBUG   ; Dx.__init__: table: SOKO             V: V_SOKO               constructed with        3 rows and  69 cols.
2025-09-26 17:10:12,661 ; PT3S                                                         ; DEBUG   ; Dx.__init__: table: SPLZ             V: V_SPLZ               constructed with        1 rows and  44 cols.
2025-09-26 17:10:12,667 ; PT3S                                                         ; DEBUG   ; Dx.__init__: table: STRASSE          V: V_STRASSE            constructed with        1 rows and  37 cols.
2025-09-26 17:10:12,669 ; PT3S                                                         ; DEBUG   ; Dx.__init__: table: SYSTEMKONFIG     V: V_SYSTEMKONFIG       constructed with        3 rows and   4 cols.
2025-09-26 17:10:12,676 ; PT3S                                                         ; DEBUG   ; Dx.__init__: table: TIMD             V: V_TIMD               constructed with        2 rows and  40 cols.
2025-09-26 17:10:12,680 ; PT3S                                                         ; DEBUG   ; Dx.__init__: table: TRVA             V: V_TRVA               constructed with        2 rows and  45 cols.
2025-09-26 17:10:12,680 ; PT3S                                                         ; DEBUG   ; Dx.__init__: table: UTMP             V: V_UTMP               constructed with        2 rows and  34 cols.
2025-09-26 17:10:12,680 ; PT3S                                                         ; DEBUG   ; Dx.__init__: table: VARA             V: V_VARA               constructed with        1 rows and  35 cols.
2025-09-26 17:10:12,694 ; PT3S                                                         ; DEBUG   ; Dx.__init__: table: VERB             V: V_VERB               constructed with        2 rows and  73 cols.
2025-09-26 17:10:12,694 ; PT3S                                                         ; DEBUG   ; Dx.__init__: table: VKNO             V: V_VKNO               constructed with        1 rows and  55 cols.
2025-09-26 17:10:12,709 ; PT3S                                                         ; DEBUG   ; Dx.__init__: table: VRCT             V: V_VRCT               constructed with        1 rows and  37 cols.
2025-09-26 17:10:12,709 ; PT3S                                                         ; DEBUG   ; Dx.__init__: table: WBLZ             V: V_WBLZ               constructed with        2 rows and  39 cols.
2025-09-26 17:10:12,709 ; PT3S                                                         ; DEBUG   ; Dx.__init__: tableName: USCH: Tabelle keine SIR 3S Tabelle aus Sicht dieses Moduls. Trotzdem lesen. 
2025-09-26 17:10:12,709 ; PT3S                                                         ; DEBUG   ; Dx.__init__: V: V_USCH
2025-09-26 17:10:12,709 ; PT3S                                                         ; DEBUG   ; Dx.__init__: tableName: HIDDEN_ACTIVITIES: Tabelle keine SIR 3S Tabelle aus Sicht dieses Moduls. Trotzdem lesen. 
2025-09-26 17:10:12,726 ; PT3S                                                         ; DEBUG   ; Dx.__init__: V: V_HIDDEN_ACTIVITIES
2025-09-26 17:10:12,730 ; PT3S                                                         ; DEBUG   ; Dx._dfLAYR: Start.
2025-09-26 17:10:12,730 ; PT3S                                                         ; DEBUG   ; PT3S.dxDecodeObjsData.Layr: Start.
2025-09-26 17:10:12,730 ; PT3S                                                         ; DEBUG   ; PT3S.dxDecodeObjsData.Layr: Exception: Line: 116: <class 'ValueError'>: No objects to concatenate
2025-09-26 17:10:12,730 ; PT3S                                                         ; DEBUG   ; PT3S.dxDecodeObjsData.Layr: _Done.
2025-09-26 17:10:12,730 ; PT3S                                                         ; DEBUG   ; Dx._dfLAYR: _Done.
2025-09-26 17:10:12,730 ; PT3S                                                         ; DEBUG   ; Dx.__init__: expanding V_BVZ_ROHR with NAME_DTRO, DN, DI, DA, S, KT, PN, Am2, Vm3 ...
2025-09-26 17:10:12,735 ; PT3S                                                         ; DEBUG   ; Dx.__init__: expanding V_BVZ_ROHR: rows before: 4 rows now: 4
2025-09-26 17:10:12,735 ; PT3S                                                         ; DEBUG   ; Dx.__init__: V3_ROHR: expanding V_BVZ_ROHR with  NAME_LTGR, NAME_STRASSE, tk_i, NAME_i, tk_k, NAME_k ...
2025-09-26 17:10:12,745 ; PT3S                                                         ; DEBUG   ; Dx.__init__: V3_SWVT: expanding V_BVZ_SWVT ...
2025-09-26 17:10:12,761 ; PT3S                                                         ; DEBUG   ; Dx.__init__: V3_ROWT: combining ROWT_tables like V_BVZ_LFKT, V_BVZ_PVAR, ...
2025-09-26 17:10:12,776 ; PT3S                                                         ; DEBUG   ; Dx.__init__: V3_TFKT: ...
2025-09-26 17:10:12,777 ; PT3S                                                         ; DEBUG   ; Dx.__init__: V3_RSLW_SWVT: combining RSLW and SWVT ...
2025-09-26 17:10:12,786 ; PT3S                                                         ; DEBUG   ; Dx.__init__: V3_KNOT: expanding V_BVZ_KNOT with XKOR, YKOR, NAME_LFKT, NAME_PVAR, NAME_PZON,NAME_QVAR,NAME_UTMP,NAME_FSTF,NAME_FQPS ...
2025-09-26 17:10:12,792 ; PT3S                                                         ; DEBUG   ; Dx.__init__:  Converting and creating geometry with x, y coordinates for nodes successful
2025-09-26 17:10:12,812 ; PT3S                                                         ; DEBUG   ; Dx.__init__: V3_FWVB: expanding V_BVZ_FWVB with NAME_LFKT, NAME_ZEP1VL, NAME_ZEP1RL, NAME_TEVT, NAME_TRFT, tk_i, NAME_i, tk_k, NAME_k, ...
2025-09-26 17:10:12,827 ; PT3S                                                         ; DEBUG   ; Dx.__init__: V3_:ROHR,KNOT,FWVB: filterTemplateObjects ...
2025-09-26 17:10:12,827 ; PT3S                                                         ; DEBUG   ; Dx._filterTemplateObjects: Start.
2025-09-26 17:10:12,827 ; PT3S                                                         ; DEBUG   ; Dx._filterTemplateObjects: V3_KNOT: Zeilen vorher: 5 Zeilen jetzt: 2
2025-09-26 17:10:12,827 ; PT3S                                                         ; DEBUG   ; Dx._filterTemplateObjects: V3_ROHR: Zeilen vorher: 1 Zeilen jetzt: 1
2025-09-26 17:10:12,827 ; PT3S                                                         ; DEBUG   ; Dx._filterTemplateObjects: V3_FWVB: Zeilen vorher: 0 Zeilen jetzt: 0
2025-09-26 17:10:12,827 ; PT3S                                                         ; DEBUG   ; Dx._filterTemplateObjects: _Done.
2025-09-26 17:10:12,827 ; PT3S                                                         ; DEBUG   ; Dx.__init__: V3_VBEL: ...
2025-09-26 17:10:12,944 ; PT3S                                                         ; DEBUG   ; Dx.__init__: ROHR final in V3_VBEL-View (1,337) ...
2025-09-26 17:10:13,226 ; PT3S                                                         ; DEBUG   ; Dx.__init__: V3_DPKT ...
2025-09-26 17:10:13,244 ; PT3S                                                         ; DEBUG   ; Dx.__init__: V3_RKNOT ...
2025-09-26 17:10:13,295 ; PT3S                                                         ; DEBUG   ; Dx.__init__: V3_RRUES ...
2025-09-26 17:10:13,297 ; PT3S                                                         ; DEBUG   ; Dx.__init__: V3_RVBEL ...
2025-09-26 17:10:13,312 ; PT3S                                                         ; INFO    ; Dx.__init__:  SYSTEMKONFIG ID 3 not defined. Value(ID=3) is supposed to define the Model which is used in QGIS. Now QGISmodelXk is undefined ...
2025-09-26 17:10:13,312 ; PT3S                                                         ; DEBUG   ; Dx.__init__: _Done.#########
2025-09-26 17:10:13,312 ; PT3S                                                         ; INFO    ; PT3S.dxAndMxHelperFcts.readDxAndMx: ..\PT3S\Examples\Example8-dx.pkl exists and is overwritten...
2025-09-26 17:10:13,349 ; PT3S                                                         ; DEBUG   ; PT3S.dxAndMxHelperFcts.readDxAndMx: detecting MX-Source for dx.dbFile (abspath) c:\users\jablonski\3s\pt3s\PT3S\Examples\Example8.db3 ...
2025-09-26 17:10:13,349 ; PT3S                                                         ; DEBUG   ; PT3S.dxAndMxHelperFcts.readDxAndMx: wDir from dbFile: .\WDExample8
2025-09-26 17:10:13,349 ; PT3S                                                         ; DEBUG   ; PT3S.dxAndMxHelperFcts.readDxAndMx: abspath of wDir from dbFile: c:\users\jablonski\3s\pt3s\PT3S\Examples\WDExample8
2025-09-26 17:10:13,349 ; PT3S                                                         ; INFO    ; PT3S.dxAndMxHelperFcts.readDxAndMx:  QGISmodelXk not defined. Now the MX of 1st Model in VIEW_MODELLE is used ...
2025-09-26 17:10:13,349 ; PT3S                                                         ; DEBUG   ; PT3S.dxAndMxHelperFcts.readDxAndMx: wDirMx from abspath of wDir from dbFile: c:\users\jablonski\3s\pt3s\PT3S\Examples\WDExample8\B1\V0\BZ1
2025-09-26 17:10:13,349 ; PT3S                                                         ; DEBUG   ; PT3S.dxAndMxHelperFcts.readDxAndMx: mx1File: ..\PT3S\Examples\WDExample8\B1\V0\BZ1\M-1-0-1.1.MX1
2025-09-26 17:10:13,349 ; PT3S                                                         ; DEBUG   ; PT3S.dxAndMxHelperFcts.readDxAndMx: corresponding dbFileMxPkl-File: ..\PT3S\Examples\Example8-mx-_PT3S_Examples_WDExample8_B1_V0_BZ1_M_1_0_1_1_MX1.pkl
2025-09-26 17:10:13,358 ; PT3S                                                         ; INFO    ; PT3S.dxAndMxHelperFcts.readDxAndMx: 
+..\PT3S\Examples\Example8.db3 is newer than
+..\PT3S\Examples\WDExample8\B1\V0\BZ1\M-1-0-1.1.MX1:
+SIR 3S' dbFile is newer than SIR 3S' mx1File
+in this case the results are maybe dated or (worse) incompatible to the model
2025-09-26 17:10:13,360 ; PT3S                                                         ; INFO    ; PT3S.dxAndMxHelperFcts.readDxAndMx: 
+..\PT3S\Examples\WDExample8\B1\V0\BZ1\M-1-0-1.XML is newer than
+..\PT3S\Examples\WDExample8\B1\V0\BZ1\M-1-0-1.1.MX1:
+SirCalc's xmlFile is newer than SIR 3S' mx1File
+in this case the results are maybe dated or (worse) incompatible to the model
2025-09-26 17:10:19,228 ; PT3S                                                         ; INFO    ; PT3S.dxAndMxHelperFcts.readDxAndMx: Model is being recalculated using C:\3S\SIR 3S\SirCalc-90-14-02-12_Potsdam.fix1_x64\SirCalc.exe
2025-09-26 17:10:19,229 ; PT3S                                                         ; DEBUG   ; Mx.__init__: Start.#########
2025-09-26 17:10:19,232 ; PT3S                                                         ; DEBUG   ; Mx._initWithMx1: Start.
2025-09-26 17:10:19,232 ; PT3S                                                         ; DEBUG   ; Mx._parseMx1: Start.
2025-09-26 17:10:19,241 ; PT3S                                                         ; DEBUG   ; Mx._parseMx1: mx1File: c:\users\jablonski\3s\pt3s\PT3S\Examples\WDExample8\B1\V0\BZ1\M-1-0-1.1.MX1 mx1Df read. Shape: (108, 22).
2025-09-26 17:10:19,247 ; PT3S                                                         ; DEBUG   ; Mx._parseMx1: mx1Df after some generated Columns: Shape: (108, 27).
2025-09-26 17:10:19,247 ; PT3S                                                         ; DEBUG   ; Mx._parseMx1: _Done.
2025-09-26 17:10:19,247 ; PT3S                                                         ; DEBUG   ; Mx._parseMx2: Start.
2025-09-26 17:10:19,249 ; PT3S                                                         ; DEBUG   ; Mx._parseMx2: _Done.
2025-09-26 17:10:19,249 ; PT3S                                                         ; DEBUG   ; Mx._buildMxRecordStructUnpackFmtString: Start.
2025-09-26 17:10:19,252 ; PT3S                                                         ; DEBUG   ; Mx._buildMxRecordStructUnpackFmtString: Bytes per MX-Record=668. Bytes Unpacked=668 (making up 100.00 Bytes-%).
2025-09-26 17:10:19,253 ; PT3S                                                         ; DEBUG   ; Mx._buildMxRecordStructUnpackFmtString: mx1Df after generated Column: Shape: (108, 28).
2025-09-26 17:10:19,253 ; PT3S                                                         ; DEBUG   ; Mx._buildMxRecordStructUnpackFmtString: _Done.
2025-09-26 17:10:19,253 ; PT3S                                                         ; DEBUG   ; Mx._buildMxRecordStructUnpackFmtStringPost: Start.
2025-09-26 17:10:19,254 ; PT3S                                                         ; DEBUG   ; Mx._buildMxRecordStructUnpackFmtStringPost: _Done.
2025-09-26 17:10:19,254 ; PT3S                                                         ; DEBUG   ; Mx._initWithMx1: _Done.
2025-09-26 17:10:19,254 ; PT3S                                                         ; DEBUG   ; Mx.__init__: mxsFile c:\users\jablonski\3s\pt3s\PT3S\Examples\WDExample8\B1\V0\BZ1\M-1-0-1.1.MXS exists _and is newer than mx1File c:\users\jablonski\3s\pt3s\PT3S\Examples\WDExample8\B1\V0\BZ1\M-1-0-1.1.MX1 _and NoMxsRead False:
2025-09-26 17:10:19,254 ; PT3S                                                         ; DEBUG   ; Mx.__init__: mxsFile is read.
2025-09-26 17:10:19,254 ; PT3S                                                         ; DEBUG   ; Mx.setResultsToMxsFile: Start.
2025-09-26 17:10:19,258 ; PT3S                                                         ; DEBUG   ; Mx.setResultsToMxsFile: Mxs: Implicit specified.
2025-09-26 17:10:19,258 ; PT3S                                                         ; DEBUG   ; Mx._handleMxsVecsFileDeletion: Start.
2025-09-26 17:10:19,258 ; PT3S                                                         ; DEBUG   ; Mx._handleMxsVecsFileDeletion: Delete H5Dump because Mxs c:\users\jablonski\3s\pt3s\PT3S\Examples\WDExample8\B1\V0\BZ1\M-1-0-1.1.MXS To Read is newer than H5Dump c:\users\jablonski\3s\pt3s\PT3S\Examples\WDExample8\B1\V0\BZ1\M-1-0-1.1.vec.h5 ...
2025-09-26 17:10:19,258 ; PT3S                                                         ; DEBUG   ; Mx._handleMxsVecsFileDeletion: _Done.
2025-09-26 17:10:19,264 ; PT3S                                                         ; DEBUG   ; Mx.setResultsToMxsFile: Mxs: c:\users\jablonski\3s\pt3s\PT3S\Examples\WDExample8\B1\V0\BZ1\M-1-0-1.1.MXS opening ...
2025-09-26 17:10:19,267 ; PT3S                                                         ; INFO    ; Mx.setResultsToMxsFile: Mxs: ..\PT3S\Examples\WDExample8\B1\V0\BZ1\M-1-0-1.1.MXS reading ...
2025-09-26 17:10:19,267 ; PT3S                                                         ; DEBUG   ; Mx._readMxsFile: Start.
2025-09-26 17:10:19,267 ; PT3S                                                         ; DEBUG   ; Mx._readMxsFileSingleRecord: CVERSO: SIR 3S 90-14-02-12 3S Consult, 30827 Garbsen - 26.09.2025 17:10 - M-1-0-1       .
2025-09-26 17:10:19,303 ; PT3S                                                         ; DEBUG   ; Mx._processToDfVecAggs: cSNAPSHOTTYPE STAT     processed to (empty) dfVecAggs with TIMESTAMPL: 2025-04-08 09:45:59+00:00
2025-09-26 17:10:19,303 ; PT3S                                                         ; DEBUG   ; Mx._readMxsFile: TimeNr.      1 read and processed finally=2025-04-08 09:45:59.000000+0000 Values (without TIMESTAMP): 56 - Actual SNAPSHOTTYPE: STAT. - H5Dump: YES: key=/                   0 not in keys.
2025-09-26 17:10:19,303 ; PT3S                                                         ; DEBUG   ; Mx._readMxsFile: File finished: Records read=1. Last Time read=2025-04-08 09:45:59.000000+0000. MB read=0000.00.
2025-09-26 17:10:19,306 ; PT3S                                                         ; DEBUG   ; Mx._readMxsFile: df.shape(): (1, 56).
2025-09-26 17:10:19,306 ; PT3S                                                         ; DEBUG   ; Mx._readMxsFile: _Done.
2025-09-26 17:10:19,306 ; PT3S                                                         ; DEBUG   ; Mx.setResultsToMxsFile: Mxs: c:\users\jablonski\3s\pt3s\PT3S\Examples\WDExample8\B1\V0\BZ1\M-1-0-1.1.MXS: Assigned.     df Shape: (1, 56).
2025-09-26 17:10:19,306 ; PT3S                                                         ; DEBUG   ; Mx.setResultsToMxsFile: RESULT after c:\users\jablonski\3s\pt3s\PT3S\Examples\WDExample8\B1\V0\BZ1\M-1-0-1.1.MXS: df Shape: (1, 56) First Time: 2025-04-08 09:45:59+00:00 Last Time: 2025-04-08 09:45:59+00:00.
2025-09-26 17:10:19,317 ; PT3S                                                         ; DEBUG   ; Mx.setResultsToMxsFile: _Done.
2025-09-26 17:10:19,317 ; PT3S                                                         ; DEBUG   ; Mx.__init__: _Done.#########
2025-09-26 17:10:19,317 ; PT3S                                                         ; DEBUG   ; PT3S.dxAndMxHelperFcts.readDxAndMx: MX read ok so far.
2025-09-26 17:10:19,317 ; PT3S                                                         ; DEBUG   ; PT3S.dxAndMxHelperFcts.processMxVectorResults: Start.
2025-09-26 17:10:19,317 ; PT3S                                                         ; DEBUG   ; PT3S.dxAndMxHelperFcts.processMxVectorResults: _Done.
2025-09-26 17:10:19,317 ; PT3S                                                         ; INFO    ; PT3S.dxAndMxHelperFcts.readDxAndMx: ..\PT3S\Examples\Example8-mx-_PT3S_Examples_WDExample8_B1_V0_BZ1_M_1_0_1_1_MX1.pkl is written ...
2025-09-26 17:10:19,321 ; PT3S                                                         ; DEBUG   ; PT3S.dxAndMxHelperFcts.readDxAndMx: corresp. dbFileDxMxPkl-File: ..\PT3S\Examples\Example8-m.pkl
2025-09-26 17:10:19,321 ; PT3S                                                         ; DEBUG   ; dxWithMx.__init__: Start.
2025-09-26 17:10:19,321 ; PT3S                                                         ; DEBUG   ; PT3S.dxDecodeObjsData.Wblz: Start.
2025-09-26 17:10:19,325 ; PT3S                                                         ; DEBUG   ; PT3S.dxDecodeObjsData.Wblz: no WBLZs available ...
2025-09-26 17:10:19,325 ; PT3S                                                         ; DEBUG   ; PT3S.dxDecodeObjsData.Wblz: _Done.
2025-09-26 17:10:19,325 ; PT3S                                                         ; DEBUG   ; PT3S.dxDecodeObjsData.Agsn: Start.
2025-09-26 17:10:19,329 ; PT3S                                                         ; DEBUG   ; PT3S.dxDecodeObjsData.Agsn: _Done.
2025-09-26 17:10:19,330 ; PT3S                                                         ; INFO    ; dxWithMx.__init__: Example8: processing dx and mx ...
2025-09-26 17:10:19,331 ; PT3S                                                         ; DEBUG   ; Dx.MxSync: Start.
2025-09-26 17:10:19,338 ; PT3S                                                         ; DEBUG   ; Dx.MxSync: resType: FWVB hat keine mx2-Eintraege.
2025-09-26 17:10:19,340 ; PT3S                                                         ; DEBUG   ; Dx.MxSync: _Done.
2025-09-26 17:10:19,341 ; PT3S                                                         ; DEBUG   ; Dx.MxAdd: Start.
2025-09-26 17:10:19,341 ; PT3S                                                         ; DEBUG   ; Dx.MxAdd: dfName: V3_KNOT: read Results:
2025-09-26 17:10:19,349 ; PT3S                                                         ; DEBUG   ; Dx.MxAdd: dfName: V3_ROHR: read Results:
2025-09-26 17:10:19,353 ; PT3S                                                         ; DEBUG   ; Dx.MxAdd: dfName: V3_FWVB: read Results:
2025-09-26 17:10:19,354 ; PT3S                                                         ; DEBUG   ; Dx.MxAdd: dfName: V3_ROHR: addNodeData:
2025-09-26 17:10:19,354 ; PT3S                                                         ; DEBUG   ; Dx.MxAdd: dfName: V3_FWVB: addNodeData:
2025-09-26 17:10:19,358 ; PT3S                                                         ; DEBUG   ; Mx.getVecAggsResultsForAttributeType: Start.
2025-09-26 17:10:19,359 ; PT3S                                                         ; DEBUG   ; Mx.getVecAggsResultsForAttributeType: Sir3sIDsMatching: ['KNOT~*~*~*~QM', 'ROHR~*~*~*~QMAV']
2025-09-26 17:10:19,359 ; PT3S                                                         ; DEBUG   ; Mx.getVecAggsResultsForAttributeType: choosen Name of 'common' ATTR: QM.
2025-09-26 17:10:19,365 ; PT3S                                                         ; DEBUG   ; Mx.getVecAggsResultsForAttributeType: _Done.
2025-09-26 17:10:19,365 ; PT3S                                                         ; DEBUG   ; Mx.getVecAggsResultsForAttributeType: Start.
2025-09-26 17:10:19,365 ; PT3S                                                         ; DEBUG   ; Mx.getVecAggsResultsForAttributeType: Sir3sIDsMatching: ['KNOT~*~*~*~M', 'ROHR~*~*~*~MAV']
2025-09-26 17:10:19,365 ; PT3S                                                         ; DEBUG   ; Mx.getVecAggsResultsForAttributeType: choosen Name of 'common' ATTR: M.
2025-09-26 17:10:19,381 ; PT3S                                                         ; DEBUG   ; Mx.getVecAggsResultsForAttributeType: _Done.
2025-09-26 17:10:19,388 ; PT3S                                                         ; DEBUG   ; Dx.MxAdd: _Done.
2025-09-26 17:10:19,388 ; PT3S                                                         ; DEBUG   ; dxWithMx._V3_ROHR: Start.
2025-09-26 17:10:19,389 ; PT3S                                                         ; DEBUG   ; dxWithMx._V3_ROHR: Constructing of V3_ROHR['QMAVAbs'] ok so far.
2025-09-26 17:10:19,390 ; PT3S                                                         ; DEBUG   ; dxWithMx._V3_ROHR: Constructing of V3_ROHR['VAVAbs'] ok so far.
2025-09-26 17:10:19,391 ; PT3S                                                         ; DEBUG   ; dxWithMx._V3_ROHR: Constructing of V3_ROHR['PHRAbs'] ok so far.
2025-09-26 17:10:19,393 ; PT3S                                                         ; DEBUG   ; dxWithMx._V3_ROHR: Constructing of V3_ROHR['JVAbs'] ok so far.
2025-09-26 17:10:19,394 ; PT3S                                                         ; DEBUG   ; dxWithMx._V3_ROHR: Constructing of V3_ROHR['MAV'] ok so far.
2025-09-26 17:10:19,394 ; PT3S                                                         ; DEBUG   ; dxWithMx._V3_ROHR: Constructing of V3_ROHR['LAMBDA'] ok so far.
2025-09-26 17:10:19,394 ; PT3S                                                         ; DEBUG   ; dxWithMx._V3_ROHR: _Done.
2025-09-26 17:10:19,394 ; PT3S                                                         ; DEBUG   ; dxWithMx._V3_KNOT: Start.
2025-09-26 17:10:19,394 ; PT3S                                                         ; DEBUG   ; All cols of df_V3_KNOT['pk', 'fkDE', 'rk', 'tk', 'NAME', 'KTYP', 'ZKOR', 'QM_EIN', 'LFAKT', 'fkPZON', 'fkFSTF', 'fkUTMP', 'fkFQPS', 'fkCONT', 'fk2LKNOT', 'BESCHREIBUNG', 'GEOMWKB', 'DELETED', 'SELECT1', 'IDREFERENZ', 'KENNUNG', 'IPLANUNG', 'KVR', 'GEOMFIX', 'UPRP', 'DRAKONZ', 'pk_BZ', 'fkDE_BZ', 'fk', 'fkPVAR', 'fkQVAR', 'fkLFKT', 'PH_EIN', 'TM', 'TE', 'PH_MIN', 'GRAF', 'GEOM', 'MId', 'MText', 'Basis', 'Variante', 'BZ', 'Geaendert', 'Erstellt', 'pk_VMBZ', 'fkBASIS', 'fkVARIANTE', 'fkBZ', 'MZ', 'MT', 'pk_CONT', 'fkDE_CONT', 'rk_CONT', 'tk_CONT', 'ID_CONT', 'NAME_CONT', 'IDPARENT_CONT', 'rkPARENT_CONT', 'LFDNR_CONT', 'FONT_CONT', 'DELETED_CONT', 'SELECT1_CONT', 'IDREFERENZ_CONT', 'GEOMWKB_CONT', 'GEOMFIX_CONT', 'UPRP_CONT', 'GEOMWKB_converted', 'XKOR', 'YKOR', 'pk_VKNO', 'fkDE_VKNO', 'rk_VKNO', 'fkKNOT_VKNO', 'fkCONT_VKNO', 'SHOWNAME_VKNO', 'POSNAME_VKNO', 'POINTINSERTX_VKNO', 'POINTINSERTY_VKNO', 'SYMBOLFACT_VKNO', 'DISPLAYMODE_VKNO', 'DELETED_VKNO', 'SELECT1_VKNO', 'MId_VKNO', 'MText_VKNO', 'Basis_VKNO', 'Variante_VKNO', 'BZ_VKNO', 'Geaendert_VKNO', 'Erstellt_VKNO', 'pk_VMBASIS_VKNO', 'fkBASIS_VKNO', 'fkVARIANTE_VKNO', 'fkBZ_VKNO', 'MZ_VKNO', 'MT_VKNO', 'MId_VMVARIANTE_VKNO', 'MText_VMVARIANTE_VKNO', 'Basis_VMVARIANTE_VKNO', 'Variante_VMVARIANTE_VKNO', 'BZ_VMVARIANTE_VKNO', 'Geaendert_VMVARIANTE_VKNO', 'Erstellt_VMVARIANTE_VKNO', 'pk_VMVARIANTE_VKNO', 'fkBASIS_VMVARIANTE_VKNO', 'fkVARIANTE_VMVARIANTE_VKNO', 'fkBZ_VMVARIANTE_VKNO', 'MZ_VMVARIANTE_VKNO', 'MT_VMVARIANTE_VKNO', 'pk_CONT_VKNO', 'fkDE_CONT_VKNO', 'rk_CONT_VKNO', 'tk_CONT_VKNO', 'ID_CONT_VKNO', 'NAME_CONT_VKNO', 'IDPARENT_CONT_VKNO', 'rkPARENT_CONT_VKNO', 'LFDNR_CONT_VKNO', 'FONT_CONT_VKNO', 'DELETED_CONT_VKNO', 'SELECT1_CONT_VKNO', 'IDREFERENZ_CONT_VKNO', 'GEOMWKB_CONT_VKNO', 'GEOMFIX_CONT_VKNO', 'UPRP_CONT_VKNO', 'NAME_LFKT', 'NAME_PVAR', 'NAME_PZON', 'NAME_QVAR', 'NAME_UTMP', 'NAME_FSTF', 'NAME_FQPS', 'mx2Idx', ('STAT', 'KNOT~*~*~*~BCIND', Timestamp('2025-04-08 09:45:59'), Timestamp('2025-04-08 09:45:59')), ('STAT', 'KNOT~*~*~*~DP', Timestamp('2025-04-08 09:45:59'), Timestamp('2025-04-08 09:45:59')), ('STAT', 'KNOT~*~*~*~DPH', Timestamp('2025-04-08 09:45:59'), Timestamp('2025-04-08 09:45:59')), ('STAT', 'KNOT~*~*~*~FITT_BASTYPE', Timestamp('2025-04-08 09:45:59'), Timestamp('2025-04-08 09:45:59')), ('STAT', 'KNOT~*~*~*~FITT_DP1', Timestamp('2025-04-08 09:45:59'), Timestamp('2025-04-08 09:45:59')), ('STAT', 'KNOT~*~*~*~FITT_DP2', Timestamp('2025-04-08 09:45:59'), Timestamp('2025-04-08 09:45:59')), ('STAT', 'KNOT~*~*~*~FITT_DP3', Timestamp('2025-04-08 09:45:59'), Timestamp('2025-04-08 09:45:59')), ('STAT', 'KNOT~*~*~*~FITT_STATE', Timestamp('2025-04-08 09:45:59'), Timestamp('2025-04-08 09:45:59')), ('STAT', 'KNOT~*~*~*~H', Timestamp('2025-04-08 09:45:59'), Timestamp('2025-04-08 09:45:59')), ('STAT', 'KNOT~*~*~*~IAKTIV', Timestamp('2025-04-08 09:45:59'), Timestamp('2025-04-08 09:45:59')), ('STAT', 'KNOT~*~*~*~LFAKTAKT', Timestamp('2025-04-08 09:45:59'), Timestamp('2025-04-08 09:45:59')), ('STAT', 'KNOT~*~*~*~M', Timestamp('2025-04-08 09:45:59'), Timestamp('2025-04-08 09:45:59')), ('STAT', 'KNOT~*~*~*~P', Timestamp('2025-04-08 09:45:59'), Timestamp('2025-04-08 09:45:59')), ('STAT', 'KNOT~*~*~*~PDAMPF', Timestamp('2025-04-08 09:45:59'), Timestamp('2025-04-08 09:45:59')), ('STAT', 'KNOT~*~*~*~PH', Timestamp('2025-04-08 09:45:59'), Timestamp('2025-04-08 09:45:59')), ('STAT', 'KNOT~*~*~*~PHMINMAXDIF', Timestamp('2025-04-08 09:45:59'), Timestamp('2025-04-08 09:45:59')), ('STAT', 'KNOT~*~*~*~PH_EIN', Timestamp('2025-04-08 09:45:59'), Timestamp('2025-04-08 09:45:59')), ('STAT', 'KNOT~*~*~*~PH_MIN', Timestamp('2025-04-08 09:45:59'), Timestamp('2025-04-08 09:45:59')), ('STAT', 'KNOT~*~*~*~QM', Timestamp('2025-04-08 09:45:59'), Timestamp('2025-04-08 09:45:59')), ('STAT', 'KNOT~*~*~*~RHO', Timestamp('2025-04-08 09:45:59'), Timestamp('2025-04-08 09:45:59')), ('STAT', 'KNOT~*~*~*~T', Timestamp('2025-04-08 09:45:59'), Timestamp('2025-04-08 09:45:59')), ('STAT', 'KNOT~*~*~*~TTR', Timestamp('2025-04-08 09:45:59'), Timestamp('2025-04-08 09:45:59')), ('STAT', 'KNOT~*~*~*~VOLD', Timestamp('2025-04-08 09:45:59'), Timestamp('2025-04-08 09:45:59'))]
2025-09-26 17:10:19,395 ; PT3S                                                         ; DEBUG   ; dxWithMx._V3_KNOT: Constructing of V3_KNOT['PH'] ok so far.
2025-09-26 17:10:19,395 ; PT3S                                                         ; DEBUG   ; dxWithMx._V3_KNOT: Constructing of V3_KNOT['QM'] ok so far.
2025-09-26 17:10:19,396 ; PT3S                                                         ; DEBUG   ; qs: False
2025-09-26 17:10:19,396 ; PT3S                                                         ; DEBUG   ; dxWithMx._V3_KNOT: Exception: Line: 770: <class 'KeyError'>: ('STAT', 'KNOT~*~*~*~ESQUELLSP', Timestamp('2025-04-08 09:45:59'), Timestamp('2025-04-08 09:45:59'))
2025-09-26 17:10:19,396 ; PT3S                                                         ; DEBUG   ; dxWithMx._V3_KNOT: Constructing col srcvector in V3_KNOT failed.
2025-09-26 17:10:19,396 ; PT3S                                                         ; DEBUG   ; dxWithMx._V3_KNOT: Constructing of V3_KNOT['T'] ok so far.
2025-09-26 17:10:19,396 ; PT3S                                                         ; DEBUG   ; dxWithMx._V3_KNOT: Constructing of V3_KNOT['M'] ok so far.
2025-09-26 17:10:19,397 ; PT3S                                                         ; DEBUG   ; dxWithMx._V3_KNOT: Constructing of V3_KNOT['TTR'] ok so far.
2025-09-26 17:10:19,409 ; PT3S                                                         ; DEBUG   ; Cols of df_V3_KNOT: ['pk', 'fkDE', 'rk', 'tk', 'NAME', 'KTYP', 'ZKOR', 'QM_EIN', 'LFAKT', 'fkPZON', 'fkFSTF', 'fkUTMP', 'fkFQPS', 'fkCONT', 'fk2LKNOT', 'BESCHREIBUNG', 'GEOMWKB', 'DELETED', 'SELECT1', 'IDREFERENZ', 'KENNUNG', 'IPLANUNG', 'KVR', 'GEOMFIX', 'UPRP', 'DRAKONZ', 'pk_BZ', 'fkDE_BZ', 'fk', 'fkPVAR', 'fkQVAR', 'fkLFKT', 'PH_EIN', 'TM', 'TE', 'PH_MIN', 'GRAF', 'GEOM', 'MId', 'MText', 'Basis', 'Variante', 'BZ', 'Geaendert', 'Erstellt', 'pk_VMBZ', 'fkBASIS', 'fkVARIANTE', 'fkBZ', 'MZ', 'MT', 'pk_CONT', 'fkDE_CONT', 'rk_CONT', 'tk_CONT', 'ID_CONT', 'NAME_CONT', 'IDPARENT_CONT', 'rkPARENT_CONT', 'LFDNR_CONT', 'FONT_CONT', 'DELETED_CONT', 'SELECT1_CONT', 'IDREFERENZ_CONT', 'GEOMWKB_CONT', 'GEOMFIX_CONT', 'UPRP_CONT', 'GEOMWKB_converted', 'XKOR', 'YKOR', 'pk_VKNO', 'fkDE_VKNO', 'rk_VKNO', 'fkKNOT_VKNO', 'fkCONT_VKNO', 'SHOWNAME_VKNO', 'POSNAME_VKNO', 'POINTINSERTX_VKNO', 'POINTINSERTY_VKNO', 'SYMBOLFACT_VKNO', 'DISPLAYMODE_VKNO', 'DELETED_VKNO', 'SELECT1_VKNO', 'MId_VKNO', 'MText_VKNO', 'Basis_VKNO', 'Variante_VKNO', 'BZ_VKNO', 'Geaendert_VKNO', 'Erstellt_VKNO', 'pk_VMBASIS_VKNO', 'fkBASIS_VKNO', 'fkVARIANTE_VKNO', 'fkBZ_VKNO', 'MZ_VKNO', 'MT_VKNO', 'MId_VMVARIANTE_VKNO', 'MText_VMVARIANTE_VKNO', 'Basis_VMVARIANTE_VKNO', 'Variante_VMVARIANTE_VKNO', 'BZ_VMVARIANTE_VKNO', 'Geaendert_VMVARIANTE_VKNO', 'Erstellt_VMVARIANTE_VKNO', 'pk_VMVARIANTE_VKNO', 'fkBASIS_VMVARIANTE_VKNO', 'fkVARIANTE_VMVARIANTE_VKNO', 'fkBZ_VMVARIANTE_VKNO', 'MZ_VMVARIANTE_VKNO', 'MT_VMVARIANTE_VKNO', 'pk_CONT_VKNO', 'fkDE_CONT_VKNO', 'rk_CONT_VKNO', 'tk_CONT_VKNO', 'ID_CONT_VKNO', 'NAME_CONT_VKNO', 'IDPARENT_CONT_VKNO', 'rkPARENT_CONT_VKNO', 'LFDNR_CONT_VKNO', 'FONT_CONT_VKNO', 'DELETED_CONT_VKNO', 'SELECT1_CONT_VKNO', 'IDREFERENZ_CONT_VKNO', 'GEOMWKB_CONT_VKNO', 'GEOMFIX_CONT_VKNO', 'UPRP_CONT_VKNO', 'NAME_LFKT', 'NAME_PVAR', 'NAME_PZON', 'NAME_QVAR', 'NAME_UTMP', 'NAME_FSTF', 'NAME_FQPS', 'mx2Idx', 'PH', 'QM', 'T', 'M', 'TTR', '_merge', 'dPH']
2025-09-26 17:10:19,409 ; PT3S                                                         ; DEBUG   ; dxWithMx._V3_KNOT: Constructing of V3_KNOT[dPH] ok so far.
2025-09-26 17:10:19,409 ; PT3S                                                         ; DEBUG   ; dxWithMx._V3_KNOT: _Done.
2025-09-26 17:10:19,409 ; PT3S                                                         ; DEBUG   ; dxWithMx._V3_VBEL: Start.
2025-09-26 17:10:19,409 ; PT3S                                                         ; DEBUG   ; dxWithMx._V3_VBEL: Constructing of V3_VBEL['QM'] ok so far.
2025-09-26 17:10:19,409 ; PT3S                                                         ; DEBUG   ; dxWithMx._V3_VBEL: Constructing of V3_VBEL['M'] ok so far.
2025-09-26 17:10:19,409 ; PT3S                                                         ; DEBUG   ; dxWithMx._V3_VBEL: Constructing of V3_VBEL['PH_i'] ok so far.
2025-09-26 17:10:19,409 ; PT3S                                                         ; DEBUG   ; dxWithMx._V3_VBEL: Constructing of V3_VBEL['PH_k'] ok so far.
2025-09-26 17:10:19,409 ; PT3S                                                         ; DEBUG   ; dxWithMx._V3_VBEL: Constructing of V3_VBEL['T_i'] ok so far.
2025-09-26 17:10:19,409 ; PT3S                                                         ; DEBUG   ; dxWithMx._V3_VBEL: Constructing of V3_VBEL['T_k'] ok so far.
2025-09-26 17:10:19,409 ; PT3S                                                         ; DEBUG   ; dxWithMx._V3_VBEL: Constructing of V3_VBEL['H_i'] ok so far.
2025-09-26 17:10:19,409 ; PT3S                                                         ; DEBUG   ; dxWithMx._V3_VBEL: Constructing of V3_VBEL['H_k'] ok so far.
2025-09-26 17:10:19,409 ; PT3S                                                         ; DEBUG   ; dxWithMx._V3_VBEL: Constructing of V3_VBEL['RHO_i'] ok so far.
2025-09-26 17:10:19,409 ; PT3S                                                         ; DEBUG   ; dxWithMx._V3_VBEL: Constructing of V3_VBEL['RHO_k'] ok so far.
2025-09-26 17:10:19,409 ; PT3S                                                         ; DEBUG   ; dxWithMx._V3_VBEL: Constructing of V3_VBEL['mlc_i'] ok so far.
2025-09-26 17:10:19,409 ; PT3S                                                         ; DEBUG   ; dxWithMx._V3_VBEL: Constructing of V3_VBEL['mlc_k'] ok so far.
2025-09-26 17:10:19,409 ; PT3S                                                         ; DEBUG   ; dxWithMx._V3_VBEL: _Done.
2025-09-26 17:10:19,409 ; PT3S                                                         ; DEBUG   ; dxWithMx._V3_FWVB: Start.
2025-09-26 17:10:19,409 ; PT3S                                                         ; DEBUG   ; dxWithMx._V3_FWVB: _Done.
2025-09-26 17:10:19,409 ; PT3S                                                         ; DEBUG   ; dxWithMx._V3_ROHRVEC: Start.
2025-09-26 17:10:19,426 ; PT3S                                                         ; DEBUG   ; dxWithMx._V3_ROHRVEC: Exception: Line: 480: <class 'ValueError'>: Length of values (12) does not match length of index (11)
2025-09-26 17:10:19,426 ; PT3S                                                         ; DEBUG   ; dxWithMx._V3_ROHRVEC: _Done.
2025-09-26 17:10:19,426 ; PT3S                                                         ; DEBUG   ; dxWithMx.__init__: Exception: Line: 177: <class 'PT3S.dxAndMxHelperFcts.dxWithMxError'>: "dxWithMx._V3_ROHRVEC: Exception: Line: 480: <class 'ValueError'>: Length of values (12) does not match length of index (11)"
2025-09-26 17:10:19,426 ; PT3S                                                         ; DEBUG   ; dxWithMx.__init__: Constructing of V3_ROHRVEC failed.
2025-09-26 17:10:19,431 ; PT3S                                                         ; DEBUG   ; dxWithMx.__init__: Adding MX-Results to V3_WBLZ ok so far.
2025-09-26 17:10:19,431 ; PT3S                                                         ; DEBUG   ; dxWithMx._gdfs: Start.
2025-09-26 17:10:19,431 ; PT3S                                                         ; DEBUG   ; dxWithMx._gdfs: crs reading successful:  EPSG:0
2025-09-26 17:10:19,448 ; pyproj                                                       ; DEBUG   ; PROJ_ERROR: proj_create: crs not found
2025-09-26 17:10:19,448 ; PT3S                                                         ; DEBUG   ; dxWithMx._gdfs: Exception: Line: 668: <class 'pyproj.exceptions.CRSError'>: Invalid projection: EPSG:0: (Internal Proj Error: proj_create: crs not found)
2025-09-26 17:10:19,448 ; PT3S                                                         ; DEBUG   ; dxWithMx._gdfs: Constructing of (some) gdfs failed.
2025-09-26 17:10:19,448 ; PT3S                                                         ; DEBUG   ; dxWithMx._gdfs: _Done.
2025-09-26 17:10:19,448 ; PT3S                                                         ; DEBUG   ; dxWithMx._G: Start.
2025-09-26 17:10:19,463 ; PT3S                                                         ; DEBUG   ; dxWithMx._G: Constructing NetworkX Graph G ok so far.
2025-09-26 17:10:19,474 ; PT3S                                                         ; DEBUG   ; dxWithMx._G: Constructing NetworkX Graph G nodeposDct ok so far.
2025-09-26 17:10:19,474 ; PT3S                                                         ; DEBUG   ; dxWithMx._G: _Done.
2025-09-26 17:10:19,474 ; PT3S                                                         ; DEBUG   ; dxWithMx._GSig: Start.
2025-09-26 17:10:19,476 ; PT3S                                                         ; DEBUG   ; dxWithMx._GSig: _Done.
2025-09-26 17:10:19,476 ; PT3S                                                         ; DEBUG   ; dxWithMx._V3_AGSN: Start.
2025-09-26 17:10:19,476 ; PT3S                                                         ; DEBUG   ; dxWithMx._V3_AGSN:  dfAGSN empty.
2025-09-26 17:10:19,476 ; PT3S                                                         ; DEBUG   ; dxWithMx._V3_AGSN: _Done.
2025-09-26 17:10:19,476 ; PT3S                                                         ; DEBUG   ; dxWithMx._V3_AGSNVEC: Start.
2025-09-26 17:10:19,476 ; PT3S                                                         ; DEBUG   ; dxWithMx._V3_AGSNVEC:  V3_AGSN empty.
2025-09-26 17:10:19,476 ; PT3S                                                         ; DEBUG   ; dxWithMx._V3_AGSNVEC: _Done.
2025-09-26 17:10:19,476 ; PT3S                                                         ; DEBUG   ; dxWithMx.__init__: _Done.
2025-09-26 17:10:19,476 ; PT3S                                                         ; INFO    ; PT3S.dxAndMxHelperFcts.readDxAndMx: ..\PT3S\Examples\Example8-m.pkl exists and is overwritten...
2025-09-26 17:10:19,508 ; PT3S                                                         ; DEBUG   ; PT3S.dxAndMxHelperFcts.readDxAndMx: _Done.
2025-09-26 17:10:29,212 ; fiona.session                                                ; DEBUG   ; Could not import boto3, continuing with reduced functionality.
2025-09-26 17:10:29,212 ; fiona.env                                                    ; DEBUG   ; GDAL data found in package: path='c:\\Users\\jablonski\\AppData\\Local\\anaconda3\\Lib\\site-packages\\fiona\\gdal_data'.
2025-09-26 17:10:29,212 ; fiona.env                                                    ; DEBUG   ; PROJ data found in package: path='c:\\Users\\jablonski\\AppData\\Local\\anaconda3\\Lib\\site-packages\\fiona\\proj_data'.
2025-09-26 17:10:29,293 ; fiona._env                                                   ; DEBUG   ; GDAL data found in package: path='c:\\Users\\jablonski\\AppData\\Local\\anaconda3\\Lib\\site-packages\\fiona\\gdal_data'.
2025-09-26 17:10:29,293 ; fiona._env                                                   ; DEBUG   ; PROJ data found in package: path='c:\\Users\\jablonski\\AppData\\Local\\anaconda3\\Lib\\site-packages\\fiona\\proj_data'.
PROJ data found in package: path='c:\\Users\\jablonski\\AppData\\Local\\anaconda3\\Lib\\site-packages\\fiona\\proj_data'.
