2025-10-01 15:40:49,333 ; PT3S                                                         ; DEBUG   ; PT3S.dxAndMxHelperFcts.readDxAndMx: Start.
2025-10-01 15:40:49,333 ; PT3S                                                         ; DEBUG   ; Dx.__init__: Start.#########
2025-10-01 15:40:49,334 ; PT3S                                                         ; INFO    ; Dx.__init__: dbFile (abspath): c:\users\aUserName\3s\pt3s\PT3S\Examples\Example9_1.db3 exists readable ...
2025-10-01 15:40:49,352 ; PT3S                                                         ; DEBUG   ; Dx.__init__: tableNames: ['AB_DEF', 'AGSN', 'ALLG', 'ALLG_BZ', 'ANTP', 'ANTP_ROWS', 'ARRW', 'ARRW_BZ', 'ATMO', 'AVOS', 'AVOS_ROWS', 'BENUTZER', 'BEVE', 'BEVE_BZ', 'BEWI', 'BEWI_BZ', 'BREF', 'BZAG', 'BZAG_BZ', 'CIRC', 'CIRC_BZ', 'CONT', 'CONT_BZ', 'CRGL', 'DATENEBENE', 'DPGR', 'DPGR_BZ', 'DPGR_DPKT', 'DPKT', 'DPKT_BZ', 'DRNP', 'DPRG', 'DPRG_BZ', 'DTRO', 'DTRO_ROWD', 'EBES', 'EBES_BZ', 'ELEMENTQUERY', 'ETAM', 'ETAM_ROWS', 'ETAR', 'ETAR_ROWS', 'ETAU', 'ETAU_ROWS', 'FKNL', 'FKNL_BZ', 'FQPS', 'FQPS_BZ', 'FSTF', 'FWBZ', 'FWEA', 'FWEA_BZ', 'FWES', 'FWES_BZ', 'FWVB', 'FWVB_BZ', 'FWWU', 'FWWU_BZ', 'GEOMETRY_COLUMNS', 'GKMP', 'GMIX', 'GRAV', 'GTXT', 'GTXT_BZ', 'GVWK', 'GVWK_BZ', 'HAUS', 'HAUS_BZ', 'HIDDEN_ACTIVITIES', 'HYDR', 'HYDR_BZ', 'KLAP', 'KLAP_BZ', 'KNOT', 'KNOT_BZ', 'KOMK', 'KOMK_ROWS', 'KOMP', 'KOMP_BZ', 'LAYR', 'LFAL', 'LFAL_BZ', 'LFKT', 'LFKT_ROWT', 'LTGR', 'MAPG', 'MAPG_ROWS', 'MODELL', 'MREG', 'MREG_BZ', 'NRCV', 'NRCV_BZ', 'NSCH', 'NSCH_BZ', 'OBEH', 'OBEH_BZ', 'OVAL', 'OVAL_BZ', 'PARI', 'PARI_BZ', 'PARV', 'PARZ', 'PARZ_BZ', 'PGPR', 'PGRP', 'PGRP_BZ', 'PGRP_PUMP', 'PGRP_PUMP_BZ', 'PHI1', 'PHI1_ROWT', 'PHI2', 'PHI2_ROWS', 'PHIV', 'PHIV_ROWS', 'PHTR', 'PHTR_BZ', 'PLYG', 'PLYG_BZ', 'POLY', 'POLY_BZ', 'PREG', 'PREG_BZ', 'PROZESSE', 'PUMD', 'PUMD_ROWT', 'PUMK', 'PUMK_ROWS', 'PUMP', 'PUMP_BZ', 'PVAR', 'PVAR_ROWT', 'PZON', 'PZVR', 'PZVR_BZ', 'QVAR', 'QVAR_ROWT', 'RADD', 'RADD_BZ', 'RART', 'RART_BZ', 'RCON', 'RCPL', 'RCPL_ROWT', 'RDIV', 'RDIV_BZ', 'RECT', 'RECT_BZ', 'REGP', 'REGV', 'REGV_BZ', 'RFKT', 'RFKT_BZ', 'RHYS', 'RHYS_BZ', 'RINT', 'RINT_BZ', 'RLSR', 'RLSR_BZ', 'RLVG', 'RLVG_BZ', 'RMES', 'RMES_BZ', 'RMES_DPTS', 'RMES_DPTS_BZ', 'RMMA', 'RMMA_BZ', 'RMUL', 'RMUL_BZ', 'ROHR', 'ROHR_BZ', 'ROHR_VRTX', 'RPFL', 'RPFL_BZ', 'RPID', 'RPID_BZ', 'RPLAN', 'RPLAN_ROWS', 'RPT1', 'RPT1_BZ', 'RRCT', 'RRCT_BZ', 'RSLW', 'RSLW_BZ', 'RSTE', 'RSTE_BZ', 'RSTN', 'RSTN_BZ', 'RTOT', 'RTOT_BZ', 'RUES', 'RUES_BZ', 'SIRGRAF', 'SIVE', 'SIVE_BZ', 'SOKO', 'SPLZ', 'SRAT', 'SRAT_ROWS', 'STOF', 'STOF_ROWS', 'STRASSE', 'STRO', 'STRO_BZ', 'SWVT', 'SWVT_ROWT', 'SYSTEMKONFIG', 'TEVT', 'TEVT_ROWT', 'TFKT', 'TFKT_ROWS', 'TIMD', 'TRFT', 'TRFT_ROWS', 'TRVA', 'USCH', 'UTMP', 'UTMP_BZ', 'VARA', 'VARA_ROWS', 'VENT', 'VENT_BZ', 'VERB', 'VERB_BZ', 'VKNO', 'VRCT', 'WBLZ', 'WEVT', 'WEVT_ROWT', 'WIND', 'WIND_BZ', 'WTTR', 'WTTR_ROWT', 'ZEP1', 'ZEP1_ROWS', 'ZEP2', 'ZEP2_ROWS']
2025-10-01 15:40:49,353 ; PT3S                                                         ; DEBUG   ; Dx.__init__: viewNames: ['VIEW_MODELLE', 'VARRW', 'VBEVE', 'VBEWI', 'VCIRC', 'VCONT', 'VDPRG', 'VFWEA', 'VFWES', 'VFWVB', 'VFWWU', 'VGTXT', 'VGVWK', 'VHAUS', 'VHYDR', 'VKLAP', 'VKNOT', 'VKOMP', 'VMREG', 'VNRCV', 'VNSCH', 'VOBEH', 'VOVAL', 'VPHTR', 'VPLYG', 'VPOLY', 'VPREG', 'VPUMP', 'VRECT', 'VREGV', 'VROHR', 'VRPFL', 'VRRCT', 'VSIVE', 'VVENT', 'VVERB', 'VWIND', 'VSTRO']
2025-10-01 15:40:49,359 ; PT3S                                                         ; DEBUG   ; Dx.__init__: pair-tables: pairType: _BZ:
2025-10-01 15:40:49,368 ; PT3S                                                         ; DEBUG   ; Dx.__init__: BV: ALLG         BVZ: ALLG_BZ      V: V_BVZ_ALLG      constructed with        1 rows and  44 cols.
2025-10-01 15:40:49,383 ; PT3S                                                         ; DEBUG   ; Dx.__init__: BV: ARRW         BVZ: ARRW_BZ      V: V_BVZ_ARRW      constructed with        1 rows and  59 cols.
2025-10-01 15:40:49,408 ; PT3S                                                         ; DEBUG   ; Dx.__init__: BV: BEVE         BVZ: BEVE_BZ      V: V_BVZ_BEVE      constructed with        1 rows and  80 cols.
2025-10-01 15:40:49,436 ; PT3S                                                         ; DEBUG   ; Dx.__init__: BV: BEWI         BVZ: BEWI_BZ      V: V_BVZ_BEWI      constructed with        1 rows and  79 cols.
2025-10-01 15:40:49,455 ; PT3S                                                         ; DEBUG   ; Dx.__init__: BV: BZAG         BVZ: BZAG_BZ      V: V_BVZ_BZAG      constructed with        1 rows and  26 cols.
2025-10-01 15:40:49,471 ; PT3S                                                         ; DEBUG   ; Dx.__init__: BV: CIRC         BVZ: CIRC_BZ      V: V_BVZ_CIRC      constructed with        1 rows and  59 cols.
2025-10-01 15:40:49,477 ; PT3S                                                         ; DEBUG   ; Dx.__init__: BV: CONT         BVZ: CONT_BZ      V: V_BVZ_CONT      constructed with        1 rows and  34 cols.
2025-10-01 15:40:49,485 ; PT3S                                                         ; DEBUG   ; Dx.__init__: BV: DPGR         BVZ: DPGR_BZ      V: V_BVZ_DPGR      constructed with       14 rows and  32 cols.
2025-10-01 15:40:49,495 ; PT3S                                                         ; DEBUG   ; Dx.__init__: BV: DPKT         BVZ: DPKT_BZ      V: V_BVZ_DPKT      constructed with      257 rows and  49 cols.
2025-10-01 15:40:49,513 ; PT3S                                                         ; DEBUG   ; Dx.__init__: BV: DPRG         BVZ: DPRG_BZ      V: V_BVZ_DPRG      constructed with        1 rows and  76 cols.
2025-10-01 15:40:49,525 ; PT3S                                                         ; DEBUG   ; Dx.__init__: BV: EBES         BVZ: EBES_BZ      V: V_BVZ_EBES      constructed with        1 rows and  43 cols.
2025-10-01 15:40:49,527 ; PT3S                                                         ; DEBUG   ; Dx.__init__: BV: FKNL         BVZ: FKNL_BZ      V: V_BVZ_FKNL      constructed with        1 rows and  70 cols.
2025-10-01 15:40:49,550 ; PT3S                                                         ; DEBUG   ; Dx.__init__: BV: FQPS         BVZ: FQPS_BZ      V: V_BVZ_FQPS      constructed with        1 rows and  71 cols.
2025-10-01 15:40:49,567 ; PT3S                                                         ; DEBUG   ; Dx.__init__: BV: FWEA         BVZ: FWEA_BZ      V: V_BVZ_FWEA      constructed with        1 rows and 162 cols.
2025-10-01 15:40:49,579 ; PT3S                                                         ; DEBUG   ; Dx.__init__: BV: FWES         BVZ: FWES_BZ      V: V_BVZ_FWES      constructed with        1 rows and  77 cols.
2025-10-01 15:40:49,591 ; PT3S                                                         ; DEBUG   ; Dx.__init__: BV: FWVB         BVZ: FWVB_BZ      V: V_BVZ_FWVB      constructed with        1 rows and 100 cols.
2025-10-01 15:40:49,608 ; PT3S                                                         ; DEBUG   ; Dx.__init__: BV: FWWU         BVZ: FWWU_BZ      V: V_BVZ_FWWU      constructed with        1 rows and  97 cols.
2025-10-01 15:40:49,617 ; PT3S                                                         ; DEBUG   ; Dx.__init__: BV: GTXT         BVZ: GTXT_BZ      V: V_BVZ_GTXT      constructed with        1 rows and  61 cols.
2025-10-01 15:40:49,633 ; PT3S                                                         ; DEBUG   ; Dx.__init__: BV: GVWK         BVZ: GVWK_BZ      V: V_BVZ_GVWK      constructed with        1 rows and  71 cols.
2025-10-01 15:40:49,640 ; PT3S                                                         ; DEBUG   ; Dx.__init__: BV: HAUS         BVZ: HAUS_BZ      V: V_BVZ_HAUS      constructed with        1 rows and  47 cols.
2025-10-01 15:40:49,649 ; PT3S                                                         ; DEBUG   ; Dx.__init__: BV: HYDR         BVZ: HYDR_BZ      V: V_BVZ_HYDR      constructed with        1 rows and  61 cols.
2025-10-01 15:40:49,659 ; PT3S                                                         ; DEBUG   ; Dx.__init__: BV: KLAP         BVZ: KLAP_BZ      V: V_BVZ_KLAP      constructed with        1 rows and  73 cols.
2025-10-01 15:40:49,678 ; PT3S                                                         ; DEBUG   ; Dx.__init__: BV: KNOT         BVZ: KNOT_BZ      V: V_BVZ_KNOT      constructed with       10 rows and  67 cols.
2025-10-01 15:40:49,690 ; PT3S                                                         ; DEBUG   ; Dx.__init__: BV: KOMP         BVZ: KOMP_BZ      V: V_BVZ_KOMP      constructed with        1 rows and  84 cols.
2025-10-01 15:40:49,694 ; PT3S                                                         ; DEBUG   ; Dx.__init__: BV: LFAL         BVZ: LFAL_BZ      V: V_BVZ_LFAL      constructed with        1 rows and  25 cols.
2025-10-01 15:40:49,701 ; PT3S                                                         ; DEBUG   ; Dx.__init__: BV: MREG         BVZ: MREG_BZ      V: V_BVZ_MREG      constructed with        1 rows and  77 cols.
2025-10-01 15:40:49,717 ; PT3S                                                         ; DEBUG   ; Dx.__init__: BV: NRCV         BVZ: NRCV_BZ      V: V_BVZ_NRCV      constructed with        1 rows and  73 cols.
2025-10-01 15:40:49,725 ; PT3S                                                         ; DEBUG   ; Dx.__init__: BV: NSCH         BVZ: NSCH_BZ      V: V_BVZ_NSCH      constructed with        1 rows and  50 cols.
2025-10-01 15:40:49,737 ; PT3S                                                         ; DEBUG   ; Dx.__init__: BV: OBEH         BVZ: OBEH_BZ      V: V_BVZ_OBEH      constructed with        1 rows and  79 cols.
2025-10-01 15:40:49,747 ; PT3S                                                         ; DEBUG   ; Dx.__init__: BV: OVAL         BVZ: OVAL_BZ      V: V_BVZ_OVAL      constructed with        1 rows and  59 cols.
2025-10-01 15:40:49,754 ; PT3S                                                         ; DEBUG   ; Dx.__init__: BV: PARI         BVZ: PARI_BZ      V: V_BVZ_PARI      constructed with        1 rows and  31 cols.
2025-10-01 15:40:49,756 ; PT3S                                                         ; DEBUG   ; Dx.__init__: BV: PARZ         BVZ: PARZ_BZ      V: V_BVZ_PARZ      constructed with        1 rows and  28 cols.
2025-10-01 15:40:49,768 ; PT3S                                                         ; DEBUG   ; Dx.__init__: BV: PGRP         BVZ: PGRP_BZ      V: V_BVZ_PGRP      constructed with        1 rows and  76 cols.
2025-10-01 15:40:49,774 ; PT3S                                                         ; DEBUG   ; Dx.__init__: BV: PGRP_PUMP    BVZ: PGRP_PUMP_BZ V: V_BVZ_PGRP_PUMP constructed with        0 rows and  39 cols.
2025-10-01 15:40:49,783 ; PT3S                                                         ; DEBUG   ; Dx.__init__: BV: PHTR         BVZ: PHTR_BZ      V: V_BVZ_PHTR      constructed with        1 rows and  69 cols.
2025-10-01 15:40:49,798 ; PT3S                                                         ; DEBUG   ; Dx.__init__: BV: PLYG         BVZ: PLYG_BZ      V: V_BVZ_PLYG      constructed with        1 rows and  59 cols.
2025-10-01 15:40:49,803 ; PT3S                                                         ; DEBUG   ; Dx.__init__: BV: POLY         BVZ: POLY_BZ      V: V_BVZ_POLY      constructed with        1 rows and  59 cols.
2025-10-01 15:40:49,819 ; PT3S                                                         ; DEBUG   ; Dx.__init__: BV: PREG         BVZ: PREG_BZ      V: V_BVZ_PREG      constructed with        1 rows and  75 cols.
2025-10-01 15:40:49,832 ; PT3S                                                         ; DEBUG   ; Dx.__init__: BV: PUMP         BVZ: PUMP_BZ      V: V_BVZ_PUMP      constructed with        1 rows and 159 cols.
2025-10-01 15:40:49,838 ; PT3S                                                         ; DEBUG   ; Dx.__init__: BV: PZVR         BVZ: PZVR_BZ      V: V_BVZ_PZVR      constructed with        1 rows and  30 cols.
2025-10-01 15:40:49,845 ; PT3S                                                         ; DEBUG   ; Dx.__init__: BV: RADD         BVZ: RADD_BZ      V: V_BVZ_RADD      constructed with        1 rows and  56 cols.
2025-10-01 15:40:49,853 ; PT3S                                                         ; DEBUG   ; Dx.__init__: BV: RART         BVZ: RART_BZ      V: V_BVZ_RART      constructed with        1 rows and  48 cols.
2025-10-01 15:40:49,861 ; PT3S                                                         ; DEBUG   ; Dx.__init__: BV: RDIV         BVZ: RDIV_BZ      V: V_BVZ_RDIV      constructed with        1 rows and  57 cols.
2025-10-01 15:40:49,865 ; PT3S                                                         ; DEBUG   ; Dx.__init__: BV: RECT         BVZ: RECT_BZ      V: V_BVZ_RECT      constructed with        1 rows and  59 cols.
2025-10-01 15:40:49,878 ; PT3S                                                         ; DEBUG   ; Dx.__init__: BV: REGV         BVZ: REGV_BZ      V: V_BVZ_REGV      constructed with        1 rows and  72 cols.
2025-10-01 15:40:49,878 ; PT3S                                                         ; DEBUG   ; Dx.__init__: BV: RFKT         BVZ: RFKT_BZ      V: V_BVZ_RFKT      constructed with        1 rows and  58 cols.
2025-10-01 15:40:49,899 ; PT3S                                                         ; DEBUG   ; Dx.__init__: BV: RHYS         BVZ: RHYS_BZ      V: V_BVZ_RHYS      constructed with        1 rows and  59 cols.
2025-10-01 15:40:49,912 ; PT3S                                                         ; DEBUG   ; Dx.__init__: BV: RINT         BVZ: RINT_BZ      V: V_BVZ_RINT      constructed with        1 rows and  57 cols.
2025-10-01 15:40:49,927 ; PT3S                                                         ; DEBUG   ; Dx.__init__: BV: RLSR         BVZ: RLSR_BZ      V: V_BVZ_RLSR      constructed with        1 rows and  55 cols.
2025-10-01 15:40:49,935 ; PT3S                                                         ; DEBUG   ; Dx.__init__: BV: RLVG         BVZ: RLVG_BZ      V: V_BVZ_RLVG      constructed with        1 rows and  56 cols.
2025-10-01 15:40:49,946 ; PT3S                                                         ; DEBUG   ; Dx.__init__: BV: RMES         BVZ: RMES_BZ      V: V_BVZ_RMES      constructed with        1 rows and  66 cols.
2025-10-01 15:40:49,952 ; PT3S                                                         ; DEBUG   ; Dx.__init__: BV: RMES_DPTS    BVZ: RMES_DPTS_BZ V: V_BVZ_RMES_DPTS constructed with        0 rows and  42 cols.
2025-10-01 15:40:49,961 ; PT3S                                                         ; DEBUG   ; Dx.__init__: BV: RMMA         BVZ: RMMA_BZ      V: V_BVZ_RMMA      constructed with        1 rows and  56 cols.
2025-10-01 15:40:49,967 ; PT3S                                                         ; DEBUG   ; Dx.__init__: BV: RMUL         BVZ: RMUL_BZ      V: V_BVZ_RMUL      constructed with        1 rows and  57 cols.
2025-10-01 15:40:49,988 ; PT3S                                                         ; DEBUG   ; Dx.__init__: BV: ROHR         BVZ: ROHR_BZ      V: V_BVZ_ROHR      constructed with        9 rows and  77 cols.
2025-10-01 15:40:49,995 ; PT3S                                                         ; DEBUG   ; Dx.__init__: BV: RPFL         BVZ: RPFL_BZ      V: V_BVZ_RPFL      constructed with        1 rows and  61 cols.
2025-10-01 15:40:50,005 ; PT3S                                                         ; DEBUG   ; Dx.__init__: BV: RPID         BVZ: RPID_BZ      V: V_BVZ_RPID      constructed with        1 rows and  64 cols.
2025-10-01 15:40:50,011 ; PT3S                                                         ; DEBUG   ; Dx.__init__: BV: RPT1         BVZ: RPT1_BZ      V: V_BVZ_RPT1      constructed with        1 rows and  57 cols.
2025-10-01 15:40:50,024 ; PT3S                                                         ; DEBUG   ; Dx.__init__: BV: RRCT         BVZ: RRCT_BZ      V: V_BVZ_RRCT      constructed with        1 rows and  59 cols.
2025-10-01 15:40:50,028 ; PT3S                                                         ; DEBUG   ; Dx.__init__: BV: RSLW         BVZ: RSLW_BZ      V: V_BVZ_RSLW      constructed with        1 rows and  64 cols.
2025-10-01 15:40:50,047 ; PT3S                                                         ; DEBUG   ; Dx.__init__: BV: RSTE         BVZ: RSTE_BZ      V: V_BVZ_RSTE      constructed with        1 rows and 105 cols.
2025-10-01 15:40:50,056 ; PT3S                                                         ; DEBUG   ; Dx.__init__: BV: RSTN         BVZ: RSTN_BZ      V: V_BVZ_RSTN      constructed with        1 rows and  92 cols.
2025-10-01 15:40:50,056 ; PT3S                                                         ; DEBUG   ; Dx.__init__: BV: RTOT         BVZ: RTOT_BZ      V: V_BVZ_RTOT      constructed with        1 rows and  56 cols.
2025-10-01 15:40:50,078 ; PT3S                                                         ; DEBUG   ; Dx.__init__: BV: RUES         BVZ: RUES_BZ      V: V_BVZ_RUES      constructed with        1 rows and  57 cols.
2025-10-01 15:40:50,088 ; PT3S                                                         ; DEBUG   ; Dx.__init__: BV: SIVE         BVZ: SIVE_BZ      V: V_BVZ_SIVE      constructed with        1 rows and  74 cols.
2025-10-01 15:40:50,098 ; PT3S                                                         ; DEBUG   ; Dx.__init__: BV: STRO         BVZ: STRO_BZ      V: V_BVZ_STRO      constructed with        1 rows and  76 cols.
2025-10-01 15:40:50,103 ; PT3S                                                         ; DEBUG   ; Dx.__init__: BV: UTMP         BVZ: UTMP_BZ      V: V_BVZ_UTMP      constructed with        1 rows and  28 cols.
2025-10-01 15:40:50,111 ; PT3S                                                         ; DEBUG   ; Dx.__init__: BV: VENT         BVZ: VENT_BZ      V: V_BVZ_VENT      constructed with        1 rows and  86 cols.
2025-10-01 15:40:50,214 ; PT3S                                                         ; DEBUG   ; Dx.__init__: BV: VERB         BVZ: VERB_BZ      V: V_BVZ_VERB      constructed with        1 rows and  65 cols.
2025-10-01 15:40:50,234 ; PT3S                                                         ; DEBUG   ; Dx.__init__: BV: WIND         BVZ: WIND_BZ      V: V_BVZ_WIND      constructed with        1 rows and  80 cols.
2025-10-01 15:40:50,234 ; PT3S                                                         ; DEBUG   ; Dx.__init__: pair-tables: pairType: _ROWS:
2025-10-01 15:40:50,247 ; PT3S                                                         ; DEBUG   ; Dx.__init__: BV: ANTP         BVZ: ANTP_ROWS    V: V_BVZ_ANTP      constructed with        1 rows and  43 cols.
2025-10-01 15:40:50,256 ; PT3S                                                         ; DEBUG   ; Dx.__init__: BV: AVOS         BVZ: AVOS_ROWS    V: V_BVZ_AVOS      constructed with        3 rows and  43 cols.
2025-10-01 15:40:50,261 ; PT3S                                                         ; DEBUG   ; Dx.__init__: BV: ETAM         BVZ: ETAM_ROWS    V: V_BVZ_ETAM      constructed with        7 rows and  43 cols.
2025-10-01 15:40:50,261 ; PT3S                                                         ; DEBUG   ; Dx.__init__: BV: ETAR         BVZ: ETAR_ROWS    V: V_BVZ_ETAR      constructed with        7 rows and  43 cols.
2025-10-01 15:40:50,278 ; PT3S                                                         ; DEBUG   ; Dx.__init__: BV: ETAU         BVZ: ETAU_ROWS    V: V_BVZ_ETAU      constructed with        7 rows and  43 cols.
2025-10-01 15:40:50,294 ; PT3S                                                         ; DEBUG   ; Dx.__init__: BV: KOMK         BVZ: KOMK_ROWS    V: V_BVZ_KOMK      constructed with        1 rows and  53 cols.
2025-10-01 15:40:50,303 ; PT3S                                                         ; DEBUG   ; Dx.__init__: BV: MAPG         BVZ: MAPG_ROWS    V: V_BVZ_MAPG      constructed with        1 rows and  61 cols.
2025-10-01 15:40:50,315 ; PT3S                                                         ; DEBUG   ; Dx.__init__: BV: PHI2         BVZ: PHI2_ROWS    V: V_BVZ_PHI2      constructed with        4 rows and  44 cols.
2025-10-01 15:40:50,324 ; PT3S                                                         ; DEBUG   ; Dx.__init__: BV: PHIV         BVZ: PHIV_ROWS    V: V_BVZ_PHIV      constructed with        9 rows and  43 cols.
2025-10-01 15:40:50,333 ; PT3S                                                         ; DEBUG   ; Dx.__init__: BV: PUMK         BVZ: PUMK_ROWS    V: V_BVZ_PUMK      constructed with        8 rows and  49 cols.
2025-10-01 15:40:50,343 ; PT3S                                                         ; DEBUG   ; Dx.__init__: BV: RPLAN        BVZ: RPLAN_ROWS   V: V_BVZ_RPLAN     constructed with        1 rows and  54 cols.
2025-10-01 15:40:50,351 ; PT3S                                                         ; DEBUG   ; Dx.__init__: BV: SRAT         BVZ: SRAT_ROWS    V: V_BVZ_SRAT      constructed with        1 rows and  44 cols.
2025-10-01 15:40:50,361 ; PT3S                                                         ; DEBUG   ; Dx.__init__: BV: STOF         BVZ: STOF_ROWS    V: V_BVZ_STOF      constructed with      201 rows and  47 cols.
2025-10-01 15:40:50,361 ; PT3S                                                         ; DEBUG   ; Dx.__init__: BV: TFKT         BVZ: TFKT_ROWS    V: V_BVZ_TFKT      constructed with        1 rows and  43 cols.
2025-10-01 15:40:50,384 ; PT3S                                                         ; DEBUG   ; Dx.__init__: BV: TRFT         BVZ: TRFT_ROWS    V: V_BVZ_TRFT      constructed with        1 rows and  43 cols.
2025-10-01 15:40:50,398 ; PT3S                                                         ; DEBUG   ; Dx.__init__: BV: VARA         BVZ: VARA_ROWS    V: V_BVZ_VARA      constructed with        3 rows and  63 cols.
2025-10-01 15:40:50,414 ; PT3S                                                         ; DEBUG   ; Dx.__init__: BV: ZEP1         BVZ: ZEP1_ROWS    V: V_BVZ_ZEP1      constructed with       21 rows and  46 cols.
2025-10-01 15:40:50,431 ; PT3S                                                         ; DEBUG   ; Dx.__init__: BV: ZEP2         BVZ: ZEP2_ROWS    V: V_BVZ_ZEP2      constructed with       42 rows and  48 cols.
2025-10-01 15:40:50,431 ; PT3S                                                         ; DEBUG   ; Dx.__init__: pair-tables: pairType: _ROWT:
2025-10-01 15:40:50,446 ; PT3S                                                         ; DEBUG   ; Dx.__init__: BV: LFKT         BVZ: LFKT_ROWT    V: V_BVZ_LFKT      constructed with        1 rows and  39 cols.
2025-10-01 15:40:50,453 ; PT3S                                                         ; DEBUG   ; Dx.__init__: BV: PHI1         BVZ: PHI1_ROWT    V: V_BVZ_PHI1      constructed with        2 rows and  39 cols.
2025-10-01 15:40:50,469 ; PT3S                                                         ; DEBUG   ; Dx.__init__: BV: PUMD         BVZ: PUMD_ROWT    V: V_BVZ_PUMD      constructed with        2 rows and  39 cols.
2025-10-01 15:40:50,477 ; PT3S                                                         ; DEBUG   ; Dx.__init__: BV: PVAR         BVZ: PVAR_ROWT    V: V_BVZ_PVAR      constructed with        1 rows and  39 cols.
2025-10-01 15:40:50,488 ; PT3S                                                         ; DEBUG   ; Dx.__init__: BV: QVAR         BVZ: QVAR_ROWT    V: V_BVZ_QVAR      constructed with        1 rows and  39 cols.
2025-10-01 15:40:50,493 ; PT3S                                                         ; DEBUG   ; PT3S.Dx.fHelperCONTetc: pairType ROWT: df RCPL hat keine Spalte ZEIT? Keine Sortierung nach Zeit.
2025-10-01 15:40:50,494 ; PT3S                                                         ; DEBUG   ; Dx.__init__: BV: RCPL         BVZ: RCPL_ROWT    V: V_BVZ_RCPL      constructed with        0 rows and  13 cols.
2025-10-01 15:40:50,504 ; PT3S                                                         ; DEBUG   ; Dx.__init__: BV: SWVT         BVZ: SWVT_ROWT    V: V_BVZ_SWVT      constructed with        1 rows and  39 cols.
2025-10-01 15:40:50,512 ; PT3S                                                         ; DEBUG   ; Dx.__init__: BV: TEVT         BVZ: TEVT_ROWT    V: V_BVZ_TEVT      constructed with        0 rows and  39 cols.
2025-10-01 15:40:50,517 ; PT3S                                                         ; DEBUG   ; Dx.__init__: BV: WEVT         BVZ: WEVT_ROWT    V: V_BVZ_WEVT      constructed with        0 rows and  39 cols.
2025-10-01 15:40:50,528 ; PT3S                                                         ; DEBUG   ; Dx.__init__: BV: WTTR         BVZ: WTTR_ROWT    V: V_BVZ_WTTR      constructed with        0 rows and  46 cols.
2025-10-01 15:40:50,528 ; PT3S                                                         ; DEBUG   ; Dx.__init__: pair-tables: pairType: _ROWD:
2025-10-01 15:40:50,542 ; PT3S                                                         ; DEBUG   ; Dx.__init__: BV: DTRO         BVZ: DTRO_ROWD    V: V_BVZ_DTRO      constructed with      282 rows and  55 cols.
2025-10-01 15:40:50,542 ; PT3S                                                         ; DEBUG   ; Dx.__init__: tables which are not pair-tables:
2025-10-01 15:40:50,544 ; PT3S                                                         ; DEBUG   ; Dx.__init__: table: AB_DEF           V: V_AB_DEF             constructed with        1 rows and  16 cols.
2025-10-01 15:40:50,549 ; PT3S                                                         ; DEBUG   ; Dx.__init__: table: AGSN             V: V_AGSN               constructed with        1 rows and  37 cols.
2025-10-01 15:40:50,554 ; PT3S                                                         ; DEBUG   ; Dx.__init__: table: ARRW             V: V_ARRW               constructed with        1 rows and  54 cols.
2025-10-01 15:40:50,556 ; PT3S                                                         ; DEBUG   ; Dx.__init__: table: ATMO             V: V_ATMO               constructed with        2 rows and  37 cols.
2025-10-01 15:40:50,558 ; PT3S                                                         ; DEBUG   ; Dx.__init__: table: BENUTZER         V: V_BENUTZER           constructed with        0 rows and  26 cols.
2025-10-01 15:40:50,565 ; PT3S                                                         ; DEBUG   ; Dx.__init__: table: BREF             V: V_BREF               constructed with        1 rows and  53 cols.
2025-10-01 15:40:50,572 ; PT3S                                                         ; DEBUG   ; Dx.__init__: table: CIRC             V: V_CIRC               constructed with        1 rows and  54 cols.
2025-10-01 15:40:50,575 ; PT3S                                                         ; DEBUG   ; Dx.__init__: table: CONT             V: V_CONT               constructed with        2 rows and  42 cols.
2025-10-01 15:40:50,581 ; PT3S                                                         ; DEBUG   ; Dx.__init__: table: CRGL             V: V_CRGL               constructed with        1 rows and  54 cols.
2025-10-01 15:40:50,582 ; PT3S                                                         ; DEBUG   ; Dx.__init__: table: DATENEBENE       V: V_DATENEBENE         constructed with        4 rows and  11 cols.
2025-10-01 15:40:50,588 ; PT3S                                                         ; DEBUG   ; Dx.__init__: table: DPGR_DPKT        V: V_DPGR_DPKT          constructed with      272 rows and  34 cols.
2025-10-01 15:40:50,592 ; PT3S                                                         ; DEBUG   ; Dx.__init__: table: DRNP             V: V_DRNP               constructed with        2 rows and  38 cols.
2025-10-01 15:40:50,597 ; PT3S                                                         ; DEBUG   ; Dx.__init__: table: ELEMENTQUERY     V: V_ELEMENTQUERY       constructed with       51 rows and  36 cols.
2025-10-01 15:40:50,600 ; PT3S                                                         ; DEBUG   ; Dx.__init__: table: FSTF             V: V_FSTF               constructed with        2 rows and  51 cols.
2025-10-01 15:40:50,604 ; PT3S                                                         ; DEBUG   ; Dx.__init__: table: FWBZ             V: V_FWBZ               constructed with        2 rows and  40 cols.
2025-10-01 15:40:50,606 ; PT3S                                                         ; DEBUG   ; Dx.__init__: table: GEOMETRY_COLUMNS V: V_GEOMETRY_COLUMNS   constructed with       38 rows and   7 cols.
2025-10-01 15:40:50,612 ; PT3S                                                         ; DEBUG   ; Dx.__init__: table: GKMP             V: V_GKMP               constructed with        1 rows and  55 cols.
2025-10-01 15:40:50,616 ; PT3S                                                         ; DEBUG   ; Dx.__init__: table: GMIX             V: V_GMIX               constructed with        1 rows and  80 cols.
2025-10-01 15:40:50,620 ; PT3S                                                         ; DEBUG   ; Dx.__init__: table: GRAV             V: V_GRAV               constructed with        2 rows and  35 cols.
2025-10-01 15:40:50,624 ; PT3S                                                         ; DEBUG   ; Dx.__init__: table: GTXT             V: V_GTXT               constructed with        1 rows and  56 cols.
2025-10-01 15:40:50,630 ; PT3S                                                         ; DEBUG   ; Dx.__init__: table: HAUS             V: V_HAUS               constructed with        1 rows and  42 cols.
2025-10-01 15:40:50,631 ; PT3S                                                         ; DEBUG   ; Dx.__init__: table: LAYR             V: V_LAYR               constructed with        1 rows and  38 cols.
2025-10-01 15:40:50,635 ; PT3S                                                         ; DEBUG   ; Dx.__init__: table: LTGR             V: V_LTGR               constructed with        2 rows and  37 cols.
2025-10-01 15:40:50,635 ; PT3S                                                         ; DEBUG   ; Dx.__init__: table: MODELL           V: V_MODELL             constructed with        1 rows and  18 cols.
2025-10-01 15:40:50,643 ; PT3S                                                         ; DEBUG   ; Dx.__init__: table: NRCV             V: V_NRCV               constructed with        1 rows and  68 cols.
2025-10-01 15:40:50,652 ; PT3S                                                         ; DEBUG   ; Dx.__init__: table: OVAL             V: V_OVAL               constructed with        1 rows and  54 cols.
2025-10-01 15:40:50,656 ; PT3S                                                         ; DEBUG   ; Dx.__init__: table: PARV             V: V_PARV               constructed with        2 rows and  48 cols.
2025-10-01 15:40:50,659 ; PT3S                                                         ; DEBUG   ; Dx.__init__: table: PGPR             V: V_PGPR               constructed with        2 rows and  36 cols.
2025-10-01 15:40:50,662 ; PT3S                                                         ; DEBUG   ; Dx.__init__: table: PLYG             V: V_PLYG               constructed with        1 rows and  54 cols.
2025-10-01 15:40:50,670 ; PT3S                                                         ; DEBUG   ; Dx.__init__: table: POLY             V: V_POLY               constructed with        1 rows and  54 cols.
2025-10-01 15:40:50,674 ; PT3S                                                         ; DEBUG   ; Dx.__init__: table: PROZESSE         V: V_PROZESSE           constructed with        0 rows and  21 cols.
2025-10-01 15:40:50,678 ; PT3S                                                         ; DEBUG   ; Dx.__init__: table: PZON             V: V_PZON               constructed with        1 rows and  43 cols.
2025-10-01 15:40:50,681 ; PT3S                                                         ; DEBUG   ; Dx.__init__: table: RCON             V: V_RCON               constructed with        2 rows and  35 cols.
2025-10-01 15:40:50,686 ; PT3S                                                         ; DEBUG   ; Dx.__init__: table: RECT             V: V_RECT               constructed with        1 rows and  54 cols.
2025-10-01 15:40:50,691 ; PT3S                                                         ; DEBUG   ; Dx.__init__: table: REGP             V: V_REGP               constructed with        2 rows and  34 cols.
2025-10-01 15:40:50,695 ; PT3S                                                         ; DEBUG   ; Dx.__init__: table: ROHR_VRTX        V: V_ROHR_VRTX          constructed with        1 rows and  36 cols.
2025-10-01 15:40:50,699 ; PT3S                                                         ; DEBUG   ; Dx.__init__: table: RPFL             V: V_RPFL               constructed with        1 rows and  55 cols.
2025-10-01 15:40:50,704 ; PT3S                                                         ; DEBUG   ; Dx.__init__: table: RRCT             V: V_RRCT               constructed with        1 rows and  54 cols.
2025-10-01 15:40:50,711 ; PT3S                                                         ; DEBUG   ; Dx.__init__: table: SIRGRAF          V: V_SIRGRAF            constructed with        2 rows and  74 cols.
2025-10-01 15:40:50,719 ; PT3S                                                         ; DEBUG   ; Dx.__init__: table: SOKO             V: V_SOKO               constructed with        1 rows and  69 cols.
2025-10-01 15:40:50,723 ; PT3S                                                         ; DEBUG   ; Dx.__init__: table: SPLZ             V: V_SPLZ               constructed with        1 rows and  44 cols.
2025-10-01 15:40:50,723 ; PT3S                                                         ; DEBUG   ; Dx.__init__: table: STRASSE          V: V_STRASSE            constructed with        1 rows and  37 cols.
2025-10-01 15:40:50,723 ; PT3S                                                         ; DEBUG   ; Dx.__init__: table: SYSTEMKONFIG     V: V_SYSTEMKONFIG       constructed with        3 rows and   4 cols.
2025-10-01 15:40:50,723 ; PT3S                                                         ; DEBUG   ; Dx.__init__: table: TIMD             V: V_TIMD               constructed with        2 rows and  40 cols.
2025-10-01 15:40:50,732 ; PT3S                                                         ; DEBUG   ; Dx.__init__: table: TRVA             V: V_TRVA               constructed with        2 rows and  45 cols.
2025-10-01 15:40:50,738 ; PT3S                                                         ; DEBUG   ; Dx.__init__: table: UTMP             V: V_UTMP               constructed with        2 rows and  34 cols.
2025-10-01 15:40:50,738 ; PT3S                                                         ; DEBUG   ; Dx.__init__: table: VARA             V: V_VARA               constructed with        3 rows and  35 cols.
2025-10-01 15:40:50,744 ; PT3S                                                         ; DEBUG   ; Dx.__init__: table: VERB             V: V_VERB               constructed with        2 rows and  73 cols.
2025-10-01 15:40:50,751 ; PT3S                                                         ; DEBUG   ; Dx.__init__: table: VKNO             V: V_VKNO               constructed with        1 rows and  55 cols.
2025-10-01 15:40:50,757 ; PT3S                                                         ; DEBUG   ; Dx.__init__: table: VRCT             V: V_VRCT               constructed with        1 rows and  37 cols.
2025-10-01 15:40:50,757 ; PT3S                                                         ; DEBUG   ; Dx.__init__: table: WBLZ             V: V_WBLZ               constructed with        2 rows and  39 cols.
2025-10-01 15:40:50,757 ; PT3S                                                         ; DEBUG   ; Dx.__init__: tableName: HIDDEN_ACTIVITIES: Tabelle keine SIR 3S Tabelle aus Sicht dieses Moduls. Trotzdem lesen. 
2025-10-01 15:40:50,761 ; PT3S                                                         ; DEBUG   ; Dx.__init__: V: V_HIDDEN_ACTIVITIES
2025-10-01 15:40:50,761 ; PT3S                                                         ; DEBUG   ; Dx.__init__: tableName: USCH: Tabelle keine SIR 3S Tabelle aus Sicht dieses Moduls. Trotzdem lesen. 
2025-10-01 15:40:50,761 ; PT3S                                                         ; DEBUG   ; Dx.__init__: V: V_USCH
2025-10-01 15:40:50,761 ; PT3S                                                         ; DEBUG   ; Dx._dfLAYR: Start.
2025-10-01 15:40:50,761 ; PT3S                                                         ; DEBUG   ; PT3S.dxDecodeObjsData.Layr: Start.
2025-10-01 15:40:50,770 ; PT3S                                                         ; DEBUG   ; PT3S.dxDecodeObjsData.Layr: Exception: Line: 116: <class 'ValueError'>: No objects to concatenate
2025-10-01 15:40:50,770 ; PT3S                                                         ; DEBUG   ; PT3S.dxDecodeObjsData.Layr: _Done.
2025-10-01 15:40:50,770 ; PT3S                                                         ; DEBUG   ; Dx._dfLAYR: _Done.
2025-10-01 15:40:50,770 ; PT3S                                                         ; DEBUG   ; Dx.__init__: expanding V_BVZ_ROHR with NAME_DTRO, DN, DI, DA, S, KT, PN, Am2, Vm3 ...
2025-10-01 15:40:50,775 ; PT3S                                                         ; DEBUG   ; Dx.__init__: expanding V_BVZ_ROHR: rows before: 9 rows now: 9
2025-10-01 15:40:50,775 ; PT3S                                                         ; DEBUG   ; Dx.__init__: V3_ROHR: expanding V_BVZ_ROHR with  NAME_LTGR, NAME_STRASSE, tk_i, NAME_i, tk_k, NAME_k ...
2025-10-01 15:40:50,778 ; PT3S                                                         ; DEBUG   ; Dx.__init__: V3_SWVT: expanding V_BVZ_SWVT ...
2025-10-01 15:40:50,789 ; PT3S                                                         ; DEBUG   ; Dx.__init__: V3_ROWT: combining ROWT_tables like V_BVZ_LFKT, V_BVZ_PVAR, ...
2025-10-01 15:40:50,799 ; PT3S                                                         ; DEBUG   ; Dx.__init__: V3_TFKT: ...
2025-10-01 15:40:50,803 ; PT3S                                                         ; DEBUG   ; Dx.__init__: V3_RSLW_SWVT: combining RSLW and SWVT ...
2025-10-01 15:40:50,803 ; PT3S                                                         ; DEBUG   ; Dx.__init__: V3_KNOT: expanding V_BVZ_KNOT with XKOR, YKOR, NAME_LFKT, NAME_PVAR, NAME_PZON,NAME_QVAR,NAME_UTMP,NAME_FSTF,NAME_FQPS ...
2025-10-01 15:40:50,811 ; PT3S                                                         ; DEBUG   ; Dx.__init__:  Converting and creating geometry with x, y coordinates for nodes successful
2025-10-01 15:40:50,819 ; PT3S                                                         ; DEBUG   ; Dx.__init__: V3_FWVB: expanding V_BVZ_FWVB with NAME_LFKT, NAME_ZEP1VL, NAME_ZEP1RL, NAME_TEVT, NAME_TRFT, tk_i, NAME_i, tk_k, NAME_k, ...
2025-10-01 15:40:50,834 ; PT3S                                                         ; DEBUG   ; Dx.__init__: V3_:ROHR,KNOT,FWVB: filterTemplateObjects ...
2025-10-01 15:40:50,834 ; PT3S                                                         ; DEBUG   ; Dx._filterTemplateObjects: Start.
2025-10-01 15:40:50,835 ; PT3S                                                         ; DEBUG   ; Dx._filterTemplateObjects: V3_KNOT: Zeilen vorher: 10 Zeilen jetzt: 9
2025-10-01 15:40:50,836 ; PT3S                                                         ; DEBUG   ; Dx._filterTemplateObjects: V3_ROHR: Zeilen vorher: 8 Zeilen jetzt: 8
2025-10-01 15:40:50,836 ; PT3S                                                         ; DEBUG   ; Dx._filterTemplateObjects: V3_FWVB: Zeilen vorher: 0 Zeilen jetzt: 0
2025-10-01 15:40:50,836 ; PT3S                                                         ; DEBUG   ; Dx._filterTemplateObjects: _Done.
2025-10-01 15:40:50,836 ; PT3S                                                         ; DEBUG   ; Dx.__init__: V3_VBEL: ...
2025-10-01 15:40:50,922 ; PT3S                                                         ; DEBUG   ; Dx.__init__: ROHR final in V3_VBEL-View (8,337) ...
2025-10-01 15:40:51,060 ; PT3S                                                         ; DEBUG   ; Dx.__init__: V3_DPKT ...
2025-10-01 15:40:51,066 ; PT3S                                                         ; DEBUG   ; Dx.__init__: V3_RKNOT ...
2025-10-01 15:40:51,212 ; PT3S                                                         ; DEBUG   ; Dx.__init__: V3_RRUES ...
2025-10-01 15:40:51,214 ; PT3S                                                         ; DEBUG   ; Dx.__init__: V3_RVBEL ...
2025-10-01 15:40:51,230 ; PT3S                                                         ; INFO    ; Dx.__init__:  SYSTEMKONFIG ID 3 not defined. Value(ID=3) is supposed to define the Model which is used in QGIS. Now QGISmodelXk is undefined ...
2025-10-01 15:40:51,231 ; PT3S                                                         ; DEBUG   ; Dx.__init__: _Done.#########
2025-10-01 15:40:51,231 ; PT3S                                                         ; DEBUG   ; PT3S.dxAndMxHelperFcts.readDxAndMx: detecting MX-Source for dx.dbFile (abspath) c:\users\jablonski\3s\pt3s\PT3S\Examples\Example9_1.db3 ...
2025-10-01 15:40:51,233 ; PT3S                                                         ; DEBUG   ; PT3S.dxAndMxHelperFcts.readDxAndMx: wDir from dbFile: .\WDExample7_2
2025-10-01 15:40:51,233 ; PT3S                                                         ; DEBUG   ; PT3S.dxAndMxHelperFcts.readDxAndMx: abspath of wDir from dbFile: c:\users\jablonski\3s\pt3s\PT3S\Examples\WDExample7_2
2025-10-01 15:40:51,233 ; PT3S                                                         ; INFO    ; PT3S.dxAndMxHelperFcts.readDxAndMx:  QGISmodelXk not defined. Now the MX of 1st Model in VIEW_MODELLE is used ...
2025-10-01 15:40:51,238 ; PT3S                                                         ; DEBUG   ; PT3S.dxAndMxHelperFcts.readDxAndMx: wDirMx from abspath of wDir from dbFile: c:\users\jablonski\3s\pt3s\PT3S\Examples\WDExample7_2\B1\V0\BZ1
2025-10-01 15:40:51,241 ; PT3S                                                         ; DEBUG   ; PT3S.dxAndMxHelperFcts.readDxAndMx: mx1File: ..\PT3S\Examples\WDExample7_2\B1\V0\BZ1\M-1-0-1.1.MX1
2025-10-01 15:40:51,241 ; PT3S                                                         ; DEBUG   ; PT3S.dxAndMxHelperFcts.readDxAndMx: corresponding dbFileMxPkl-File: ..\PT3S\Examples\Example9_1-mx-_PT3S_Examples_WDExample7_2_B1_V0_BZ1_M_1_0_1_1_MX1.pkl
2025-10-01 15:40:51,243 ; PT3S                                                         ; INFO    ; PT3S.dxAndMxHelperFcts.readDxAndMx: 
+..\PT3S\Examples\Example9_1.db3 is newer than
+..\PT3S\Examples\WDExample7_2\B1\V0\BZ1\M-1-0-1.1.MX1:
+SIR 3S' dbFile is newer than SIR 3S' mx1File
+in this case the results are maybe dated or (worse) incompatible to the model
2025-10-01 15:40:57,100 ; PT3S                                                         ; INFO    ; PT3S.dxAndMxHelperFcts.readDxAndMx: Model is being recalculated using C:\3S\SIR 3S\SirCalc-90-14-02-12_Potsdam.fix1_x64\SirCalc.exe
2025-10-01 15:40:57,100 ; PT3S        